Archive member included to satisfy reference by file (symbol)

/opt/st/stm32cubeide_1.13.2/plugins/com.st.stm32cube.ide.mcu.externaltools.gnu-tools-for-stm32.11.3.rel1.linux64_1.1.1.202309131626/tools/bin/../lib/gcc/arm-none-eabi/11.3.1/../../../../arm-none-eabi/lib/thumb/v6-m/nofp/libc_nano.a(libc_a-exit.o)
                              /opt/st/stm32cubeide_1.13.2/plugins/com.st.stm32cube.ide.mcu.externaltools.gnu-tools-for-stm32.11.3.rel1.linux64_1.1.1.202309131626/tools/bin/../lib/gcc/arm-none-eabi/11.3.1/../../../../arm-none-eabi/lib/thumb/v6-m/nofp/crt0.o (exit)
/opt/st/stm32cubeide_1.13.2/plugins/com.st.stm32cube.ide.mcu.externaltools.gnu-tools-for-stm32.11.3.rel1.linux64_1.1.1.202309131626/tools/bin/../lib/gcc/arm-none-eabi/11.3.1/../../../../arm-none-eabi/lib/thumb/v6-m/nofp/libc_nano.a(libc_a-findfp.o)
                              /opt/st/stm32cubeide_1.13.2/plugins/com.st.stm32cube.ide.mcu.externaltools.gnu-tools-for-stm32.11.3.rel1.linux64_1.1.1.202309131626/tools/bin/../lib/gcc/arm-none-eabi/11.3.1/../../../../arm-none-eabi/lib/thumb/v6-m/nofp/libc_nano.a(libc_a-exit.o) (__stdio_exit_handler)
/opt/st/stm32cubeide_1.13.2/plugins/com.st.stm32cube.ide.mcu.externaltools.gnu-tools-for-stm32.11.3.rel1.linux64_1.1.1.202309131626/tools/bin/../lib/gcc/arm-none-eabi/11.3.1/../../../../arm-none-eabi/lib/thumb/v6-m/nofp/libc_nano.a(libc_a-fwalk.o)
                              /opt/st/stm32cubeide_1.13.2/plugins/com.st.stm32cube.ide.mcu.externaltools.gnu-tools-for-stm32.11.3.rel1.linux64_1.1.1.202309131626/tools/bin/../lib/gcc/arm-none-eabi/11.3.1/../../../../arm-none-eabi/lib/thumb/v6-m/nofp/libc_nano.a(libc_a-findfp.o) (_fwalk_sglue)
/opt/st/stm32cubeide_1.13.2/plugins/com.st.stm32cube.ide.mcu.externaltools.gnu-tools-for-stm32.11.3.rel1.linux64_1.1.1.202309131626/tools/bin/../lib/gcc/arm-none-eabi/11.3.1/../../../../arm-none-eabi/lib/thumb/v6-m/nofp/libc_nano.a(libc_a-stdio.o)
                              /opt/st/stm32cubeide_1.13.2/plugins/com.st.stm32cube.ide.mcu.externaltools.gnu-tools-for-stm32.11.3.rel1.linux64_1.1.1.202309131626/tools/bin/../lib/gcc/arm-none-eabi/11.3.1/../../../../arm-none-eabi/lib/thumb/v6-m/nofp/libc_nano.a(libc_a-findfp.o) (__sread)
/opt/st/stm32cubeide_1.13.2/plugins/com.st.stm32cube.ide.mcu.externaltools.gnu-tools-for-stm32.11.3.rel1.linux64_1.1.1.202309131626/tools/bin/../lib/gcc/arm-none-eabi/11.3.1/../../../../arm-none-eabi/lib/thumb/v6-m/nofp/libc_nano.a(libc_a-memset.o)
                              /opt/st/stm32cubeide_1.13.2/plugins/com.st.stm32cube.ide.mcu.externaltools.gnu-tools-for-stm32.11.3.rel1.linux64_1.1.1.202309131626/tools/bin/../lib/gcc/arm-none-eabi/11.3.1/../../../../arm-none-eabi/lib/thumb/v6-m/nofp/crt0.o (memset)
/opt/st/stm32cubeide_1.13.2/plugins/com.st.stm32cube.ide.mcu.externaltools.gnu-tools-for-stm32.11.3.rel1.linux64_1.1.1.202309131626/tools/bin/../lib/gcc/arm-none-eabi/11.3.1/../../../../arm-none-eabi/lib/thumb/v6-m/nofp/libc_nano.a(libc_a-closer.o)
                              /opt/st/stm32cubeide_1.13.2/plugins/com.st.stm32cube.ide.mcu.externaltools.gnu-tools-for-stm32.11.3.rel1.linux64_1.1.1.202309131626/tools/bin/../lib/gcc/arm-none-eabi/11.3.1/../../../../arm-none-eabi/lib/thumb/v6-m/nofp/libc_nano.a(libc_a-stdio.o) (_close_r)
/opt/st/stm32cubeide_1.13.2/plugins/com.st.stm32cube.ide.mcu.externaltools.gnu-tools-for-stm32.11.3.rel1.linux64_1.1.1.202309131626/tools/bin/../lib/gcc/arm-none-eabi/11.3.1/../../../../arm-none-eabi/lib/thumb/v6-m/nofp/libc_nano.a(libc_a-reent.o)
                              /opt/st/stm32cubeide_1.13.2/plugins/com.st.stm32cube.ide.mcu.externaltools.gnu-tools-for-stm32.11.3.rel1.linux64_1.1.1.202309131626/tools/bin/../lib/gcc/arm-none-eabi/11.3.1/../../../../arm-none-eabi/lib/thumb/v6-m/nofp/libc_nano.a(libc_a-closer.o) (errno)
/opt/st/stm32cubeide_1.13.2/plugins/com.st.stm32cube.ide.mcu.externaltools.gnu-tools-for-stm32.11.3.rel1.linux64_1.1.1.202309131626/tools/bin/../lib/gcc/arm-none-eabi/11.3.1/../../../../arm-none-eabi/lib/thumb/v6-m/nofp/libc_nano.a(libc_a-impure.o)
                              /opt/st/stm32cubeide_1.13.2/plugins/com.st.stm32cube.ide.mcu.externaltools.gnu-tools-for-stm32.11.3.rel1.linux64_1.1.1.202309131626/tools/bin/../lib/gcc/arm-none-eabi/11.3.1/../../../../arm-none-eabi/lib/thumb/v6-m/nofp/libc_nano.a(libc_a-reent.o) (_impure_ptr)
/opt/st/stm32cubeide_1.13.2/plugins/com.st.stm32cube.ide.mcu.externaltools.gnu-tools-for-stm32.11.3.rel1.linux64_1.1.1.202309131626/tools/bin/../lib/gcc/arm-none-eabi/11.3.1/../../../../arm-none-eabi/lib/thumb/v6-m/nofp/libc_nano.a(libc_a-lseekr.o)
                              /opt/st/stm32cubeide_1.13.2/plugins/com.st.stm32cube.ide.mcu.externaltools.gnu-tools-for-stm32.11.3.rel1.linux64_1.1.1.202309131626/tools/bin/../lib/gcc/arm-none-eabi/11.3.1/../../../../arm-none-eabi/lib/thumb/v6-m/nofp/libc_nano.a(libc_a-stdio.o) (_lseek_r)
[...]
Memory Configuration

Name             Origin             Length             Attributes
RAM              0x0000000020000000 0x0000000000008000 xrw
FLASH            0x0000000008000000 0x0000000000040000 xr
*default*        0x0000000000000000 0xffffffffffffffff

Linker script and memory map

LOAD /opt/st/stm32cubeide_1.13.2/plugins/com.st.stm32cube.ide.mcu.externaltools.gnu-tools-for-stm32.11.3.rel1.linux64_1.1.1.202309131626/tools/bin/../lib/gcc/arm-none-eabi/11.3.1/thumb/v6-m/nofp/crti.o
LOAD /opt/st/stm32cubeide_1.13.2/plugins/com.st.stm32cube.ide.mcu.externaltools.gnu-tools-for-stm32.11.3.rel1.linux64_1.1.1.202309131626/tools/bin/../lib/gcc/arm-none-eabi/11.3.1/thumb/v6-m/nofp/crtbegin.o
LOAD /opt/st/stm32cubeide_1.13.2/plugins/com.st.stm32cube.ide.mcu.externaltools.gnu-tools-for-stm32.11.3.rel1.linux64_1.1.1.202309131626/tools/bin/../lib/gcc/arm-none-eabi/11.3.1/../../../../arm-none-eabi/lib/thumb/v6-m/nofp/crt0.o
LOAD ./Src/adc.o
LOAD ./Src/main.o
LOAD ./Src/syscalls.o
LOAD ./Src/sysmem.o
LOAD ./Src/uart.o
LOAD ./Startup/startup_stm32f091rctx.o
START GROUP
LOAD /opt/st/stm32cubeide_1.13.2/plugins/com.st.stm32cube.ide.mcu.externaltools.gnu-tools-for-stm32.11.3.rel1.linux64_1.1.1.202309131626/tools/bin/../lib/gcc/arm-none-eabi/11.3.1/../../../../arm-none-eabi/lib/thumb/v6-m/nofp/libc_nano.a
LOAD /opt/st/stm32cubeide_1.13.2/plugins/com.st.stm32cube.ide.mcu.externaltools.gnu-tools-for-stm32.11.3.rel1.linux64_1.1.1.202309131626/tools/bin/../lib/gcc/arm-none-eabi/11.3.1/../../../../arm-none-eabi/lib/thumb/v6-m/nofp/libm.a
END GROUP
START GROUP
LOAD /opt/st/stm32cubeide_1.13.2/plugins/com.st.stm32cube.ide.mcu.externaltools.gnu-tools-for-stm32.11.3.rel1.linux64_1.1.1.202309131626/tools/bin/../lib/gcc/arm-none-eabi/11.3.1/thumb/v6-m/nofp/libgcc.a
LOAD /opt/st/stm32cubeide_1.13.2/plugins/com.st.stm32cube.ide.mcu.externaltools.gnu-tools-for-stm32.11.3.rel1.linux64_1.1.1.202309131626/tools/bin/../lib/gcc/arm-none-eabi/11.3.1/../../../../arm-none-eabi/lib/thumb/v6-m/nofp/libc_nano.a
END GROUP
START GROUP
LOAD /opt/st/stm32cubeide_1.13.2/plugins/com.st.stm32cube.ide.mcu.externaltools.gnu-tools-for-stm32.11.3.rel1.linux64_1.1.1.202309131626/tools/bin/../lib/gcc/arm-none-eabi/11.3.1/thumb/v6-m/nofp/libgcc.a
LOAD /opt/st/stm32cubeide_1.13.2/plugins/com.st.stm32cube.ide.mcu.externaltools.gnu-tools-for-stm32.11.3.rel1.linux64_1.1.1.202309131626/tools/bin/../lib/gcc/arm-none-eabi/11.3.1/../../../../arm-none-eabi/lib/thumb/v6-m/nofp/libc_nano.a
LOAD /opt/st/stm32cubeide_1.13.2/plugins/com.st.stm32cube.ide.mcu.externaltools.gnu-tools-for-stm32.11.3.rel1.linux64_1.1.1.202309131626/tools/bin/../lib/gcc/arm-none-eabi/11.3.1/../../../../arm-none-eabi/lib/thumb/v6-m/nofp/libnosys.a
END GROUP
START GROUP
LOAD /opt/st/stm32cubeide_1.13.2/plugins/com.st.stm32cube.ide.mcu.externaltools.gnu-tools-for-stm32.11.3.rel1.linux64_1.1.1.202309131626/tools/bin/../lib/gcc/arm-none-eabi/11.3.1/thumb/v6-m/nofp/libgcc.a
LOAD /opt/st/stm32cubeide_1.13.2/plugins/com.st.stm32cube.ide.mcu.externaltools.gnu-tools-for-stm32.11.3.rel1.linux64_1.1.1.202309131626/tools/bin/../lib/gcc/arm-none-eabi/11.3.1/../../../../arm-none-eabi/lib/thumb/v6-m/nofp/libc_nano.a
LOAD /opt/st/stm32cubeide_1.13.2/plugins/com.st.stm32cube.ide.mcu.externaltools.gnu-tools-for-stm32.11.3.rel1.linux64_1.1.1.202309131626/tools/bin/../lib/gcc/arm-none-eabi/11.3.1/../../../../arm-none-eabi/lib/thumb/v6-m/nofp/libnosys.a
END GROUP
LOAD /opt/st/stm32cubeide_1.13.2/plugins/com.st.stm32cube.ide.mcu.externaltools.gnu-tools-for-stm32.11.3.rel1.linux64_1.1.1.202309131626/tools/bin/../lib/gcc/arm-none-eabi/11.3.1/thumb/v6-m/nofp/crtend.o
LOAD /opt/st/stm32cubeide_1.13.2/plugins/com.st.stm32cube.ide.mcu.externaltools.gnu-tools-for-stm32.11.3.rel1.linux64_1.1.1.202309131626/tools/bin/../lib/gcc/arm-none-eabi/11.3.1/thumb/v6-m/nofp/crtn.o
                0x0000000020008000                _estack = (ORIGIN (RAM) + LENGTH (RAM))
                0x0000000000000200                _Min_Heap_Size = 0x200
                0x0000000000000400                _Min_Stack_Size = 0x400

.isr_vector     0x0000000008000000       0xc0
                0x0000000008000000                . = ALIGN (0x4)
 *(.isr_vector)
 .isr_vector    0x0000000008000000       0xc0 ./Startup/startup_stm32f091rctx.o
                0x0000000008000000                g_pfnVectors
                0x00000000080000c0                . = ALIGN (0x4)

.text           0x00000000080000c0      0x4ec
                0x00000000080000c0                . = ALIGN (0x4)
 *(.text)
 .text          0x00000000080000c0       0x48 /opt/st/stm32cubeide_1.13.2/plugins/com.st.stm32cube.ide.mcu.externaltools.gnu-tools-for-stm32.11.3.rel1.linux64_1.1.1.202309131626/tools/bin/../lib/gcc/arm-none-eabi/11.3.1/thumb/v6-m/nofp/crtbegin.o
 .text          0x0000000008000108      0x114 /opt/st/stm32cubeide_1.13.2/plugins/com.st.stm32cube.ide.mcu.externaltools.gnu-tools-for-stm32.11.3.rel1.linux64_1.1.1.202309131626/tools/bin/../lib/gcc/arm-none-eabi/11.3.1/thumb/v6-m/nofp/libgcc.a(_udivsi3.o)
                0x0000000008000108                __udivsi3
                0x0000000008000108                __aeabi_uidiv
                0x0000000008000214                __aeabi_uidivmod
 .text          0x000000000800021c        0x4 /opt/st/stm32cubeide_1.13.2/plugins/com.st.stm32cube.ide.mcu.externaltools.gnu-tools-for-stm32.11.3.rel1.linux64_1.1.1.202309131626/tools/bin/../lib/gcc/arm-none-eabi/11.3.1/thumb/v6-m/nofp/libgcc.a(_dvmd_tls.o)
                0x000000000800021c                __aeabi_ldiv0
                0x000000000800021c                __aeabi_idiv0
 *(.text*)
 .text.__NVIC_EnableIRQ
                0x0000000008000220       0x34 ./Src/adc.o
 .text.__NVIC_SetPriority
                0x0000000008000254       0xdc ./Src/adc.o
 .text.pa1_adc_interrupt_init
                0x0000000008000330       0x7c ./Src/adc.o
                0x0000000008000330                pa1_adc_interrupt_init
 .text.start_conversion
                0x00000000080003ac       0x28 ./Src/adc.o
                0x00000000080003ac                start_conversion
 .text.main     0x00000000080003d4       0x12 ./Src/main.o
                0x00000000080003d4                main
 *fill*         0x00000000080003e6        0x2 
 .text.uart2_tx_init
                0x00000000080003e8       0xc0 ./Src/uart.o
                0x00000000080003e8                uart2_tx_init
 .text.uart_set_baudrate
                0x00000000080004a8       0x28 ./Src/uart.o
 .text.compute_uart_bd
                0x00000000080004d0       0x26 ./Src/uart.o
 *fill*         0x00000000080004f6        0x2 
 .text.Reset_Handler
                0x00000000080004f8       0x50 ./Startup/startup_stm32f091rctx.o
                0x00000000080004f8                Reset_Handler
 .text.Default_Handler
                0x0000000008000548        0x2 ./Startup/startup_stm32f091rctx.o
                0x0000000008000548                DMA1_CH4_5_6_7_DMA2_CH3_4_5_IRQHandler
                0x0000000008000548                TIM1_CC_IRQHandler
                0x0000000008000548                TSC_IRQHandler
                0x0000000008000548                HardFault_Handler
                0x0000000008000548                SysTick_Handler
                0x0000000008000548                PVD_IRQHandler
                0x0000000008000548                PendSV_Handler
                0x0000000008000548                NMI_Handler
                0x0000000008000548                I2C1_IRQHandler
                0x0000000008000548                RCC_CRS_IRQHandler
                0x0000000008000548                SPI1_IRQHandler
                0x0000000008000548                TIM6_DAC_IRQHandler
                0x0000000008000548                EXTI2_3_IRQHandler
                0x0000000008000548                I2C2_IRQHandler
                0x0000000008000548                TIM17_IRQHandler
                0x0000000008000548                CEC_CAN_IRQHandler
                0x0000000008000548                RTC_IRQHandler
                0x0000000008000548                TIM16_IRQHandler
                0x0000000008000548                TIM3_IRQHandler
                0x0000000008000548                EXTI4_15_IRQHandler
                0x0000000008000548                Default_Handler
                0x0000000008000548                DMA1_CH2_3_DMA2_CH1_2_IRQHandler
                0x0000000008000548                TIM14_IRQHandler
                0x0000000008000548                TIM7_IRQHandler
                0x0000000008000548                TIM15_IRQHandler
                0x0000000008000548                EXTI0_1_IRQHandler
                0x0000000008000548                USB_IRQHandler
                0x0000000008000548                SPI2_IRQHandler
                0x0000000008000548                DMA1_CH1_IRQHandler
                0x0000000008000548                SVC_Handler
                0x0000000008000548                WWDG_IRQHandler
                0x0000000008000548                TIM2_IRQHandler
                0x0000000008000548                ADC_COMP_IRQHandler
                0x0000000008000548                USART2_IRQHandler
                0x0000000008000548                USART3_4_5_6_7_8_IRQHandler
                0x0000000008000548                FLASH_IRQHandler
                0x0000000008000548                USART1_IRQHandler
                0x0000000008000548                TIM1_BRK_UP_TRG_COM_IRQHandler
 *fill*         0x000000000800054a        0x2 
 .text.__libc_init_array
                0x000000000800054c       0x48 /opt/st/stm32cubeide_1.13.2/plugins/com.st.stm32cube.ide.mcu.externaltools.gnu-tools-for-stm32.11.3.rel1.linux64_1.1.1.202309131626/tools/bin/../lib/gcc/arm-none-eabi/11.3.1/../../../../arm-none-eabi/lib/thumb/v6-m/nofp/libc_nano.a(libc_a-init.o)
                0x000000000800054c                __libc_init_array
 *(.glue_7)
 .glue_7        0x0000000008000594        0x0 linker stubs
 *(.glue_7t)
 .glue_7t       0x0000000008000594        0x0 linker stubs
 *(.eh_frame)
 .eh_frame      0x0000000008000594        0x0 /opt/st/stm32cubeide_1.13.2/plugins/com.st.stm32cube.ide.mcu.externaltools.gnu-tools-for-stm32.11.3.rel1.linux64_1.1.1.202309131626/tools/bin/../lib/gcc/arm-none-eabi/11.3.1/thumb/v6-m/nofp/crtbegin.o
 *(.init)
 .init          0x0000000008000594        0x4 /opt/st/stm32cubeide_1.13.2/plugins/com.st.stm32cube.ide.mcu.externaltools.gnu-tools-for-stm32.11.3.rel1.linux64_1.1.1.202309131626/tools/bin/../lib/gcc/arm-none-eabi/11.3.1/thumb/v6-m/nofp/crti.o
                0x0000000008000594                _init
 .init          0x0000000008000598        0x8 /opt/st/stm32cubeide_1.13.2/plugins/com.st.stm32cube.ide.mcu.externaltools.gnu-tools-for-stm32.11.3.rel1.linux64_1.1.1.202309131626/tools/bin/../lib/gcc/arm-none-eabi/11.3.1/thumb/v6-m/nofp/crtn.o
 *(.fini)
 .fini          0x00000000080005a0        0x4 /opt/st/stm32cubeide_1.13.2/plugins/com.st.stm32cube.ide.mcu.externaltools.gnu-tools-for-stm32.11.3.rel1.linux64_1.1.1.202309131626/tools/bin/../lib/gcc/arm-none-eabi/11.3.1/thumb/v6-m/nofp/crti.o
                0x00000000080005a0                _fini
 .fini          0x00000000080005a4        0x8 /opt/st/stm32cubeide_1.13.2/plugins/com.st.stm32cube.ide.mcu.externaltools.gnu-tools-for-stm32.11.3.rel1.linux64_1.1.1.202309131626/tools/bin/../lib/gcc/arm-none-eabi/11.3.1/thumb/v6-m/nofp/crtn.o
                0x00000000080005ac                . = ALIGN (0x4)
                0x00000000080005ac                _etext = .

.vfp11_veneer   0x00000000080005ac        0x0
 .vfp11_veneer  0x00000000080005ac        0x0 linker stubs

.v4_bx          0x00000000080005ac        0x0
 .v4_bx         0x00000000080005ac        0x0 linker stubs

.iplt           0x00000000080005ac        0x0
 .iplt          0x00000000080005ac        0x0 /opt/st/stm32cubeide_1.13.2/plugins/com.st.stm32cube.ide.mcu.externaltools.gnu-tools-for-stm32.11.3.rel1.linux64_1.1.1.202309131626/tools/bin/../lib/gcc/arm-none-eabi/11.3.1/thumb/v6-m/nofp/crtbegin.o

.rel.dyn        0x00000000080005ac        0x0
 .rel.iplt      0x00000000080005ac        0x0 /opt/st/stm32cubeide_1.13.2/plugins/com.st.stm32cube.ide.mcu.externaltools.gnu-tools-for-stm32.11.3.rel1.linux64_1.1.1.202309131626/tools/bin/../lib/gcc/arm-none-eabi/11.3.1/thumb/v6-m/nofp/crtbegin.o

.rodata         0x00000000080005ac        0x0
                0x00000000080005ac                . = ALIGN (0x4)
 *(.rodata)
 *(.rodata*)
                0x00000000080005ac                . = ALIGN (0x4)

.ARM.extab      0x00000000080005ac        0x0
                0x00000000080005ac                . = ALIGN (0x4)
 *(.ARM.extab* .gnu.linkonce.armextab.*)
                0x00000000080005ac                . = ALIGN (0x4)

.ARM            0x00000000080005ac        0x0
                0x00000000080005ac                . = ALIGN (0x4)
                0x00000000080005ac                __exidx_start = .
 *(.ARM.exidx*)
                0x00000000080005ac                __exidx_end = .
                0x00000000080005ac                . = ALIGN (0x4)

.preinit_array  0x00000000080005ac        0x0
                0x00000000080005ac                . = ALIGN (0x4)
                0x00000000080005ac                PROVIDE (__preinit_array_start = .)
 *(.preinit_array*)
                0x00000000080005ac                PROVIDE (__preinit_array_end = .)
                0x00000000080005ac                . = ALIGN (0x4)

.init_array     0x00000000080005ac        0x4
                0x00000000080005ac                . = ALIGN (0x4)
                0x00000000080005ac                PROVIDE (__init_array_start = .)
 *(SORT_BY_NAME(.init_array.*))
 *(.init_array*)
 .init_array    0x00000000080005ac        0x4 /opt/st/stm32cubeide_1.13.2/plugins/com.st.stm32cube.ide.mcu.externaltools.gnu-tools-for-stm32.11.3.rel1.linux64_1.1.1.202309131626/tools/bin/../lib/gcc/arm-none-eabi/11.3.1/thumb/v6-m/nofp/crtbegin.o
                0x00000000080005b0                PROVIDE (__init_array_end = .)
                0x00000000080005b0                . = ALIGN (0x4)

.fini_array     0x00000000080005b0        0x4
                0x00000000080005b0                . = ALIGN (0x4)
                [!provide]                        PROVIDE (__fini_array_start = .)
 *(SORT_BY_NAME(.fini_array.*))
 *(.fini_array*)
 .fini_array    0x00000000080005b0        0x4 /opt/st/stm32cubeide_1.13.2/plugins/com.st.stm32cube.ide.mcu.externaltools.gnu-tools-for-stm32.11.3.rel1.linux64_1.1.1.202309131626/tools/bin/../lib/gcc/arm-none-eabi/11.3.1/thumb/v6-m/nofp/crtbegin.o
                [!provide]                        PROVIDE (__fini_array_end = .)
                0x00000000080005b4                . = ALIGN (0x4)
                0x00000000080005b4                _sidata = LOADADDR (.data)

.data           0x0000000020000000        0x0 load address 0x00000000080005b4
                0x0000000020000000                . = ALIGN (0x4)
                0x0000000020000000                _sdata = .
 *(.data)
 *(.data*)
 *(.RamFunc)
 *(.RamFunc*)
                0x0000000020000000                . = ALIGN (0x4)
                0x0000000020000000                _edata = .

.igot.plt       0x0000000020000000        0x0 load address 0x00000000080005b4
 .igot.plt      0x0000000020000000        0x0 /opt/st/stm32cubeide_1.13.2/plugins/com.st.stm32cube.ide.mcu.externaltools.gnu-tools-for-stm32.11.3.rel1.linux64_1.1.1.202309131626/tools/bin/../lib/gcc/arm-none-eabi/11.3.1/thumb/v6-m/nofp/crtbegin.o
                0x0000000020000000                . = ALIGN (0x4)

.bss            0x0000000020000000       0x1c load address 0x00000000080005b4
                0x0000000020000000                _sbss = .
                0x0000000020000000                __bss_start__ = _sbss
 *(.bss)
 .bss           0x0000000020000000       0x1c /opt/st/stm32cubeide_1.13.2/plugins/com.st.stm32cube.ide.mcu.externaltools.gnu-tools-for-stm32.11.3.rel1.linux64_1.1.1.202309131626/tools/bin/../lib/gcc/arm-none-eabi/11.3.1/thumb/v6-m/nofp/crtbegin.o
 *(.bss*)
 *(COMMON)
                0x000000002000001c                . = ALIGN (0x4)
                0x000000002000001c                _ebss = .
                0x000000002000001c                __bss_end__ = _ebss

._user_heap_stack
                0x000000002000001c      0x604 load address 0x00000000080005b4
                0x0000000020000020                . = ALIGN (0x8)
 *fill*         0x000000002000001c        0x4 
                [!provide]                        PROVIDE (end = .)
                0x0000000020000020                PROVIDE (_end = .)
                0x0000000020000220                . = (. + _Min_Heap_Size)
 *fill*         0x0000000020000020      0x200 
                0x0000000020000620                . = (. + _Min_Stack_Size)
 *fill*         0x0000000020000220      0x400 
                0x0000000020000620                . = ALIGN (0x8)

/DISCARD/
 libc.a(*)
 libm.a(*)
 libgcc.a(*)

.ARM.attributes
                0x0000000000000000       0x28
 *(.ARM.attributes)
 .ARM.attributes
                0x0000000000000000       0x1e /opt/st/stm32cubeide_1.13.2/plugins/com.st.stm32cube.ide.mcu.externaltools.gnu-tools-for-stm32.11.3.rel1.linux64_1.1.1.202309131626/tools/bin/../lib/gcc/arm-none-eabi/11.3.1/thumb/v6-m/nofp/crti.o
 .ARM.attributes
                0x000000000000001e       0x2c /opt/st/stm32cubeide_1.13.2/plugins/com.st.stm32cube.ide.mcu.externaltools.gnu-tools-for-stm32.11.3.rel1.linux64_1.1.1.202309131626/tools/bin/../lib/gcc/arm-none-eabi/11.3.1/thumb/v6-m/nofp/crtbegin.o
 .ARM.attributes
                0x000000000000004a       0x2c ./Src/adc.o
 .ARM.attributes
                0x0000000000000076       0x2c ./Src/main.o
 .ARM.attributes
                0x00000000000000a2       0x2c ./Src/uart.o
 .ARM.attributes
                0x00000000000000ce       0x21 ./Startup/startup_stm32f091rctx.o
 .ARM.attributes
                0x00000000000000ef       0x2c /opt/st/stm32cubeide_1.13.2/plugins/com.st.stm32cube.ide.mcu.externaltools.gnu-tools-for-stm32.11.3.rel1.linux64_1.1.1.202309131626/tools/bin/../lib/gcc/arm-none-eabi/11.3.1/../../../../arm-none-eabi/lib/thumb/v6-m/nofp/libc_nano.a(libc_a-init.o)
 .ARM.attributes
                0x000000000000011b       0x1e /opt/st/stm32cubeide_1.13.2/plugins/com.st.stm32cube.ide.mcu.externaltools.gnu-tools-for-stm32.11.3.rel1.linux64_1.1.1.202309131626/tools/bin/../lib/gcc/arm-none-eabi/11.3.1/thumb/v6-m/nofp/libgcc.a(_udivsi3.o)
 .ARM.attributes
                0x0000000000000139       0x1e /opt/st/stm32cubeide_1.13.2/plugins/com.st.stm32cube.ide.mcu.externaltools.gnu-tools-for-stm32.11.3.rel1.linux64_1.1.1.202309131626/tools/bin/../lib/gcc/arm-none-eabi/11.3.1/thumb/v6-m/nofp/libgcc.a(_dvmd_tls.o)
 .ARM.attributes
                0x0000000000000157       0x1e /opt/st/stm32cubeide_1.13.2/plugins/com.st.stm32cube.ide.mcu.externaltools.gnu-tools-for-stm32.11.3.rel1.linux64_1.1.1.202309131626/tools/bin/../lib/gcc/arm-none-eabi/11.3.1/thumb/v6-m/nofp/crtn.o
OUTPUT(16_adc_interrupt.elf elf32-littlearm)
LOAD linker stubs
LOAD /opt/st/stm32cubeide_1.13.2/plugins/com.st.stm32cube.ide.mcu.externaltools.gnu-tools-for-stm32.11.3.rel1.linux64_1.1.1.202309131626/tools/bin/../lib/gcc/arm-none-eabi/11.3.1/../../../../arm-none-eabi/lib/thumb/v6-m/nofp/libc.a
LOAD /opt/st/stm32cubeide_1.13.2/plugins/com.st.stm32cube.ide.mcu.externaltools.gnu-tools-for-stm32.11.3.rel1.linux64_1.1.1.202309131626/tools/bin/../lib/gcc/arm-none-eabi/11.3.1/../../../../arm-none-eabi/lib/thumb/v6-m/nofp/libm.a
LOAD /opt/st/stm32cubeide_1.13.2/plugins/com.st.stm32cube.ide.mcu.externaltools.gnu-tools-for-stm32.11.3.rel1.linux64_1.1.1.202309131626/tools/bin/../lib/gcc/arm-none-eabi/11.3.1/thumb/v6-m/nofp/libgcc.a

.comment        0x0000000000000000       0x43
 .comment       0x0000000000000000       0x43 /opt/st/stm32cubeide_1.13.2/plugins/com.st.stm32cube.ide.mcu.externaltools.gnu-tools-for-stm32.11.3.rel1.linux64_1.1.1.202309131626/tools/bin/../lib/gcc/arm-none-eabi/11.3.1/thumb/v6-m/nofp/crtbegin.o
                                         0x44 (size before relaxing)
 .comment       0x0000000000000043       0x44 ./Src/adc.o
 .comment       0x0000000000000043       0x44 ./Src/main.o
 .comment       0x0000000000000043       0x44 ./Src/uart.o

.debug_info     0x0000000000000000      0xbed
 .debug_info    0x0000000000000000      0x610 ./Src/adc.o
 .debug_info    0x0000000000000610      0x1ec ./Src/main.o
 .debug_info    0x00000000000007fc      0x3ce ./Src/uart.o
 .debug_info    0x0000000000000bca       0x23 ./Startup/startup_stm32f091rctx.o

.debug_abbrev   0x0000000000000000      0x45f
 .debug_abbrev  0x0000000000000000      0x1bc ./Src/adc.o
 .debug_abbrev  0x00000000000001bc      0x129 ./Src/main.o
 .debug_abbrev  0x00000000000002e5      0x168 ./Src/uart.o
 .debug_abbrev  0x000000000000044d       0x12 ./Startup/startup_stm32f091rctx.o

.debug_aranges  0x0000000000000000       0xf8
 .debug_aranges
                0x0000000000000000       0x50 ./Src/adc.o
 .debug_aranges
                0x0000000000000050       0x30 ./Src/main.o
 .debug_aranges
                0x0000000000000080       0x50 ./Src/uart.o
 .debug_aranges
                0x00000000000000d0       0x28 ./Startup/startup_stm32f091rctx.o

.debug_rnglists
                0x0000000000000000       0xa9
 .debug_rnglists
                0x0000000000000000       0x38 ./Src/adc.o
 .debug_rnglists
                0x0000000000000038       0x1f ./Src/main.o
 .debug_rnglists
                0x0000000000000057       0x39 ./Src/uart.o
 .debug_rnglists
                0x0000000000000090       0x19 ./Startup/startup_stm32f091rctx.o

.debug_macro    0x0000000000000000    0x130a3
 .debug_macro   0x0000000000000000       0xe7 ./Src/adc.o
 .debug_macro   0x00000000000000e7      0xa90 ./Src/adc.o
 .debug_macro   0x0000000000000b77       0x28 ./Src/adc.o
 .debug_macro   0x0000000000000b9f       0x22 ./Src/adc.o
 .debug_macro   0x0000000000000bc1       0x22 ./Src/adc.o
 .debug_macro   0x0000000000000be3       0x8e ./Src/adc.o
 .debug_macro   0x0000000000000c71       0x51 ./Src/adc.o
 .debug_macro   0x0000000000000cc2      0x103 ./Src/adc.o
 .debug_macro   0x0000000000000dc5       0x6a ./Src/adc.o
 .debug_macro   0x0000000000000e2f      0x1df ./Src/adc.o
 .debug_macro   0x000000000000100e       0x1c ./Src/adc.o
 .debug_macro   0x000000000000102a       0x22 ./Src/adc.o
 .debug_macro   0x000000000000104c       0xaf ./Src/adc.o
 .debug_macro   0x00000000000010fb      0x391 ./Src/adc.o
 .debug_macro   0x000000000000148c    0x10e4f ./Src/adc.o
 .debug_macro   0x00000000000122db       0x66 ./Src/adc.o
 .debug_macro   0x0000000000012341       0x10 ./Src/adc.o
 .debug_macro   0x0000000000012351      0x1aa ./Src/main.o
 .debug_macro   0x00000000000124fb       0x61 ./Src/main.o
 .debug_macro   0x000000000001255c       0x24 ./Src/main.o
 .debug_macro   0x0000000000012580       0x43 ./Src/main.o
 .debug_macro   0x00000000000125c3       0x34 ./Src/main.o
 .debug_macro   0x00000000000125f7       0x16 ./Src/main.o
 .debug_macro   0x000000000001260d       0x97 ./Src/main.o
 .debug_macro   0x00000000000126a4      0x369 ./Src/main.o
 .debug_macro   0x0000000000012a0d       0xfd ./Src/main.o
 .debug_macro   0x0000000000012b0a       0x10 ./Src/main.o
 .debug_macro   0x0000000000012b1a       0x16 ./Src/main.o
 .debug_macro   0x0000000000012b30       0x43 ./Src/main.o
 .debug_macro   0x0000000000012b73       0x34 ./Src/main.o
 .debug_macro   0x0000000000012ba7       0x10 ./Src/main.o
 .debug_macro   0x0000000000012bb7       0x58 ./Src/main.o
 .debug_macro   0x0000000000012c0f       0x8e ./Src/main.o
 .debug_macro   0x0000000000012c9d       0x1c ./Src/main.o
 .debug_macro   0x0000000000012cb9      0x177 ./Src/main.o
 .debug_macro   0x0000000000012e30       0x16 ./Src/main.o
 .debug_macro   0x0000000000012e46       0x16 ./Src/main.o
 .debug_macro   0x0000000000012e5c      0x147 ./Src/main.o
 .debug_macro   0x0000000000012fa3      0x100 ./Src/uart.o

.debug_line     0x0000000000000000     0x117d
 .debug_line    0x0000000000000000      0x5af ./Src/adc.o
 .debug_line    0x00000000000005af      0x5f1 ./Src/main.o
 .debug_line    0x0000000000000ba0      0x562 ./Src/uart.o
 .debug_line    0x0000000000001102       0x7b ./Startup/startup_stm32f091rctx.o

.debug_str      0x0000000000000000    0x6635c
 .debug_str     0x0000000000000000    0x62766 ./Src/adc.o
                                      0x6298c (size before relaxing)
 .debug_str     0x0000000000062766     0x3a44 ./Src/main.o
                                      0x660b0 (size before relaxing)
 .debug_str     0x00000000000661aa      0x155 ./Src/uart.o
                                      0x6276e (size before relaxing)
 .debug_str     0x00000000000662ff       0x5d ./Startup/startup_stm32f091rctx.o

.debug_frame    0x0000000000000000      0x270
 .debug_frame   0x0000000000000000       0xdc ./Src/adc.o
 .debug_frame   0x00000000000000dc       0x64 ./Src/main.o
 .debug_frame   0x0000000000000140       0xe4 ./Src/uart.o
 .debug_frame   0x0000000000000224       0x2c /opt/st/stm32cubeide_1.13.2/plugins/com.st.stm32cube.ide.mcu.externaltools.gnu-tools-for-stm32.11.3.rel1.linux64_1.1.1.202309131626/tools/bin/../lib/gcc/arm-none-eabi/11.3.1/../../../../arm-none-eabi/lib/thumb/v6-m/nofp/libc_nano.a(libc_a-init.o)
 .debug_frame   0x0000000000000250       0x20 /opt/st/stm32cubeide_1.13.2/plugins/com.st.stm32cube.ide.mcu.externaltools.gnu-tools-for-stm32.11.3.rel1.linux64_1.1.1.202309131626/tools/bin/../lib/gcc/arm-none-eabi/11.3.1/thumb/v6-m/nofp/libgcc.a(_udivsi3.o)

.debug_line_str
                0x0000000000000000       0x51
 .debug_line_str
                0x0000000000000000       0x51 ./Startup/startup_stm32f091rctx.o
                                         0x69 (size before relaxing)
