19:48:08 **** Incremental Build of configuration Debug for project lcd_8bit ****
make -j16 all 
arm-none-eabi-size   lcd_8bit.elf 
   text	   data	    bss	    dec	    hex	filename
    728	      8	   1568	   2304	    900	lcd_8bit.elf
Finished building: default.size.stdout
 
19:48:11 **** Incremental Build of configuration Debug for project lcd_8bit ****
make -j16 all 
arm-none-eabi-size   lcd_8bit.elf 
   text	   data	    bss	    dec	    hex	filename
    728	      8	   1568	   2304	    900	lcd_8bit.elf
Finished building: default.size.stdout
 
19:48:29 **** Incremental Build of configuration Debug for project lcd_8bit ****
make -j16 all 
arm-none-eabi-size   lcd_8bit.elf 
   text	   data	    bss	    dec	    hex	filename
    728	      8	   1568	   2304	    900	lcd_8bit.elf
Finished building: default.size.stdout
 
19:54:22 **** Incremental Build of configuration Debug for project lcd_8bit ****
make -j16 all 
arm-none-eabi-gcc "../Src/main.c" -mcpu=cortex-m0 -std=gnu11 -g3 -DDEBUG -DSTM32F091xC -DSTM32 -DSTM32F0 -DNUCLEO_F091RC -DSTM32F091RCTx -c -I../Inc -I/home/kaan/cubeideworkspace/chip_headers/CMSIS/Device/ST/STM32F0xx/Include -I/home/kaan/cubeideworkspace/chip_headers/CMSIS/Include -O0 -ffunction-sections -fdata-sections -Wall -fstack-usage -fcyclomatic-complexity -MMD -MP -MF"Src/main.d" -MT"Src/main.o" --specs=nano.specs -mfloat-abi=soft -mthumb -o "Src/main.o"
arm-none-eabi-gcc -o "lcd_8bit.elf" @"objects.list"   -mcpu=cortex-m0 -T"/home/kaan/cubeideworkspace/lcd_8bit/STM32F091RCTX_FLASH.ld" --specs=nosys.specs -Wl,-Map="lcd_8bit.map" -Wl,--gc-sections -static --specs=nano.specs -mfloat-abi=soft -mthumb -Wl,--start-group -lc -lm -Wl,--end-group
Finished building target: lcd_8bit.elf
 
arm-none-eabi-size   lcd_8bit.elf 
arm-none-eabi-objdump -h -S  lcd_8bit.elf  > "lcd_8bit.list"
   text	   data	    bss	    dec	    hex	filename
    728	      8	   1568	   2304	    900	lcd_8bit.elf
Finished building: default.size.stdout
 
Finished building: lcd_8bit.list
 
19:55:25 **** Incremental Build of configuration Debug for project lcd_8bit ****
make -j16 all 
arm-none-eabi-gcc "../Src/main.c" -mcpu=cortex-m0 -std=gnu11 -g3 -DDEBUG -DSTM32F091xC -DSTM32 -DSTM32F0 -DNUCLEO_F091RC -DSTM32F091RCTx -c -I../Inc -I/home/kaan/cubeideworkspace/chip_headers/CMSIS/Device/ST/STM32F0xx/Include -I/home/kaan/cubeideworkspace/chip_headers/CMSIS/Include -O0 -ffunction-sections -fdata-sections -Wall -fstack-usage -fcyclomatic-complexity -MMD -MP -MF"Src/main.d" -MT"Src/main.o" --specs=nano.specs -mfloat-abi=soft -mthumb -o "Src/main.o"
arm-none-eabi-gcc -o "lcd_8bit.elf" @"objects.list"   -mcpu=cortex-m0 -T"/home/kaan/cubeideworkspace/lcd_8bit/STM32F091RCTX_FLASH.ld" --specs=nosys.specs -Wl,-Map="lcd_8bit.map" -Wl,--gc-sections -static --specs=nano.specs -mfloat-abi=soft -mthumb -Wl,--start-group -lc -lm -Wl,--end-group
Finished building target: lcd_8bit.elf
 
arm-none-eabi-size   lcd_8bit.elf 
arm-none-eabi-objdump -h -S  lcd_8bit.elf  > "lcd_8bit.list"
   text	   data	    bss	    dec	    hex	filename
    720	      8	   1568	   2296	    8f8	lcd_8bit.elf
Finished building: default.size.stdout
 
Finished building: lcd_8bit.list
 
19:55:28 **** Incremental Build of configuration Debug for project lcd_8bit ****
make -j16 all 
arm-none-eabi-size   lcd_8bit.elf 
   text	   data	    bss	    dec	    hex	filename
    720	      8	   1568	   2296	    8f8	lcd_8bit.elf
Finished building: default.size.stdout
 
19:56:30 **** Incremental Build of configuration Debug for project lcd_8bit ****
make -j16 all 
arm-none-eabi-gcc "../Src/main.c" -mcpu=cortex-m0 -std=gnu11 -g3 -DDEBUG -DSTM32F091xC -DSTM32 -DSTM32F0 -DNUCLEO_F091RC -DSTM32F091RCTx -c -I../Inc -I/home/kaan/cubeideworkspace/chip_headers/CMSIS/Device/ST/STM32F0xx/Include -I/home/kaan/cubeideworkspace/chip_headers/CMSIS/Include -O0 -ffunction-sections -fdata-sections -Wall -fstack-usage -fcyclomatic-complexity -MMD -MP -MF"Src/main.d" -MT"Src/main.o" --specs=nano.specs -mfloat-abi=soft -mthumb -o "Src/main.o"
../Src/main.c: In function 'main':
../Src/main.c:25:17: warning: implicit declaration of function 'LDC_data'; did you mean 'LCD_data'? [-Wimplicit-function-declaration]
   25 |                 LDC_data('H');
      |                 ^~~~~~~~
      |                 LCD_data
arm-none-eabi-gcc -o "lcd_8bit.elf" @"objects.list"   -mcpu=cortex-m0 -T"/home/kaan/cubeideworkspace/lcd_8bit/STM32F091RCTX_FLASH.ld" --specs=nosys.specs -Wl,-Map="lcd_8bit.map" -Wl,--gc-sections -static --specs=nano.specs -mfloat-abi=soft -mthumb -Wl,--start-group -lc -lm -Wl,--end-group
/opt/st/stm32cubeide_1.13.2/plugins/com.st.stm32cube.ide.mcu.externaltools.gnu-tools-for-stm32.11.3.rel1.linux64_1.1.1.202309131626/tools/bin/../lib/gcc/arm-none-eabi/11.3.1/../../../../arm-none-eabi/bin/ld: ./Src/main.o: in function `main':
/home/kaan/cubeideworkspace/lcd_8bit/Debug/../Src/main.c:25: undefined reference to `LDC_data'
/opt/st/stm32cubeide_1.13.2/plugins/com.st.stm32cube.ide.mcu.externaltools.gnu-tools-for-stm32.11.3.rel1.linux64_1.1.1.202309131626/tools/bin/../lib/gcc/arm-none-eabi/11.3.1/../../../../arm-none-eabi/bin/ld: /home/kaan/cubeideworkspace/lcd_8bit/Debug/../Src/main.c:26: undefined reference to `LDC_data'
/opt/st/stm32cubeide_1.13.2/plugins/com.st.stm32cube.ide.mcu.externaltools.gnu-tools-for-stm32.11.3.rel1.linux64_1.1.1.202309131626/tools/bin/../lib/gcc/arm-none-eabi/11.3.1/../../../../arm-none-eabi/bin/ld: /home/kaan/cubeideworkspace/lcd_8bit/Debug/../Src/main.c:27: undefined reference to `LDC_data'
/opt/st/stm32cubeide_1.13.2/plugins/com.st.stm32cube.ide.mcu.externaltools.gnu-tools-for-stm32.11.3.rel1.linux64_1.1.1.202309131626/tools/bin/../lib/gcc/arm-none-eabi/11.3.1/../../../../arm-none-eabi/bin/ld: /home/kaan/cubeideworkspace/lcd_8bit/Debug/../Src/main.c:28: undefined reference to `LDC_data'
/opt/st/stm32cubeide_1.13.2/plugins/com.st.stm32cube.ide.mcu.externaltools.gnu-tools-for-stm32.11.3.rel1.linux64_1.1.1.202309131626/tools/bin/../lib/gcc/arm-none-eabi/11.3.1/../../../../arm-none-eabi/bin/ld: /home/kaan/cubeideworkspace/lcd_8bit/Debug/../Src/main.c:29: undefined reference to `LDC_data'
collect2: error: ld returned 1 exit status
make: *** [makefile:63: lcd_8bit.elf] Error 1
"make -j16 all" terminated with exit code 2. Build might be incomplete.
19:57:01 **** Incremental Build of configuration Debug for project lcd_8bit ****
make -j16 all 
arm-none-eabi-gcc "../Src/main.c" -mcpu=cortex-m0 -std=gnu11 -g3 -DDEBUG -DSTM32F091xC -DSTM32 -DSTM32F0 -DNUCLEO_F091RC -DSTM32F091RCTx -c -I../Inc -I/home/kaan/cubeideworkspace/chip_headers/CMSIS/Device/ST/STM32F0xx/Include -I/home/kaan/cubeideworkspace/chip_headers/CMSIS/Include -O0 -ffunction-sections -fdata-sections -Wall -fstack-usage -fcyclomatic-complexity -MMD -MP -MF"Src/main.d" -MT"Src/main.o" --specs=nano.specs -mfloat-abi=soft -mthumb -o "Src/main.o"
arm-none-eabi-gcc -o "lcd_8bit.elf" @"objects.list"   -mcpu=cortex-m0 -T"/home/kaan/cubeideworkspace/lcd_8bit/STM32F091RCTX_FLASH.ld" --specs=nosys.specs -Wl,-Map="lcd_8bit.map" -Wl,--gc-sections -static --specs=nano.specs -mfloat-abi=soft -mthumb -Wl,--start-group -lc -lm -Wl,--end-group
Finished building target: lcd_8bit.elf
 
arm-none-eabi-size   lcd_8bit.elf 
arm-none-eabi-objdump -h -S  lcd_8bit.elf  > "lcd_8bit.list"
   text	   data	    bss	    dec	    hex	filename
    832	      8	   1568	   2408	    968	lcd_8bit.elf
Finished building: default.size.stdout
 
Finished building: lcd_8bit.list
 
19:57:05 **** Incremental Build of configuration Debug for project lcd_8bit ****
make -j16 all 
arm-none-eabi-size   lcd_8bit.elf 
   text	   data	    bss	    dec	    hex	filename
    832	      8	   1568	   2408	    968	lcd_8bit.elf
Finished building: default.size.stdout
 
19:58:49 **** Incremental Build of configuration Debug for project lcd_8bit ****
make -j16 all 
arm-none-eabi-gcc "../Src/main.c" -mcpu=cortex-m0 -std=gnu11 -g3 -DDEBUG -DSTM32F091xC -DSTM32 -DSTM32F0 -DNUCLEO_F091RC -DSTM32F091RCTx -c -I../Inc -I/home/kaan/cubeideworkspace/chip_headers/CMSIS/Device/ST/STM32F0xx/Include -I/home/kaan/cubeideworkspace/chip_headers/CMSIS/Include -O0 -ffunction-sections -fdata-sections -Wall -fstack-usage -fcyclomatic-complexity -MMD -MP -MF"Src/main.d" -MT"Src/main.o" --specs=nano.specs -mfloat-abi=soft -mthumb -o "Src/main.o"
arm-none-eabi-gcc -o "lcd_8bit.elf" @"objects.list"   -mcpu=cortex-m0 -T"/home/kaan/cubeideworkspace/lcd_8bit/STM32F091RCTX_FLASH.ld" --specs=nosys.specs -Wl,-Map="lcd_8bit.map" -Wl,--gc-sections -static --specs=nano.specs -mfloat-abi=soft -mthumb -Wl,--start-group -lc -lm -Wl,--end-group
Finished building target: lcd_8bit.elf
 
arm-none-eabi-size   lcd_8bit.elf 
arm-none-eabi-objdump -h -S  lcd_8bit.elf  > "lcd_8bit.list"
   text	   data	    bss	    dec	    hex	filename
    832	      8	   1568	   2408	    968	lcd_8bit.elf
Finished building: default.size.stdout
 
Finished building: lcd_8bit.list
 
19:58:51 **** Incremental Build of configuration Debug for project lcd_8bit ****
make -j16 all 
arm-none-eabi-size   lcd_8bit.elf 
   text	   data	    bss	    dec	    hex	filename
    832	      8	   1568	   2408	    968	lcd_8bit.elf
Finished building: default.size.stdout
 
