00:23:45 **** Incremental Build of configuration Debug for project 8_uart_rx ****
make -j16 all 
arm-none-eabi-gcc "../Src/uart.c" -mcpu=cortex-m0 -std=gnu11 -g3 -DDEBUG -DSTM32 -DSTM32F0 -DNUCLEO_F091RC -DSTM32F091RCTx -DSTM32F091xC -c -I../Inc -I/home/kaan/cubeideworkspace/chip_headers/CMSIS/Device/ST/STM32F0xx/Include -I/home/kaan/cubeideworkspace/chip_headers/CMSIS/Include -O0 -ffunction-sections -fdata-sections -Wall -fstack-usage -fcyclomatic-complexity -MMD -MP -MF"Src/uart.d" -MT"Src/uart.o" --specs=nano.specs -mfloat-abi=soft -mthumb -o "Src/uart.o"
arm-none-eabi-gcc -o "8_uart_rx.elf" @"objects.list"   -mcpu=cortex-m0 -T"/home/kaan/cubeideworkspace/8_uart_rx/STM32F091RCTX_FLASH.ld" --specs=nosys.specs -Wl,-Map="8_uart_rx.map" -Wl,--gc-sections -static --specs=nano.specs -mfloat-abi=soft -mthumb -Wl,--start-group -lc -lm -Wl,--end-group
Finished building target: 8_uart_rx.elf
 
arm-none-eabi-size   8_uart_rx.elf 
arm-none-eabi-objdump -h -S  8_uart_rx.elf  > "8_uart_rx.list"
   text	   data	    bss	    dec	    hex	filename
   1268	      8	   1568	   2844	    b1c	8_uart_rx.elf
Finished building: default.size.stdout
Finished building: 8_uart_rx.list
 
 
00:23:48 **** Incremental Build of configuration Debug for project 8_uart_rx ****
make -j16 all 
arm-none-eabi-size   8_uart_rx.elf 
   text	   data	    bss	    dec	    hex	filename
   1268	      8	   1568	   2844	    b1c	8_uart_rx.elf
Finished building: default.size.stdout
 
00:24:05 **** Incremental Build of configuration Debug for project 8_uart_rx ****
make -j16 all 
arm-none-eabi-size   8_uart_rx.elf 
   text	   data	    bss	    dec	    hex	filename
   1268	      8	   1568	   2844	    b1c	8_uart_rx.elf
Finished building: default.size.stdout
 
00:26:09 **** Incremental Build of configuration Debug for project 8_uart_rx ****
make -j16 all 
arm-none-eabi-size   8_uart_rx.elf 
   text	   data	    bss	    dec	    hex	filename
   1268	      8	   1568	   2844	    b1c	8_uart_rx.elf
Finished building: default.size.stdout
 
00:33:13 **** Incremental Build of configuration Debug for project 8_uart_rx ****
make -j16 all 
arm-none-eabi-gcc "../Src/main.c" -mcpu=cortex-m0 -std=gnu11 -g3 -DDEBUG -DSTM32 -DSTM32F0 -DNUCLEO_F091RC -DSTM32F091RCTx -DSTM32F091xC -c -I../Inc -I/home/kaan/cubeideworkspace/chip_headers/CMSIS/Device/ST/STM32F0xx/Include -I/home/kaan/cubeideworkspace/chip_headers/CMSIS/Include -O0 -ffunction-sections -fdata-sections -Wall -fstack-usage -fcyclomatic-complexity -MMD -MP -MF"Src/main.d" -MT"Src/main.o" --specs=nano.specs -mfloat-abi=soft -mthumb -o "Src/main.o"
arm-none-eabi-gcc "../Src/uart.c" -mcpu=cortex-m0 -std=gnu11 -g3 -DDEBUG -DSTM32 -DSTM32F0 -DNUCLEO_F091RC -DSTM32F091RCTx -DSTM32F091xC -c -I../Inc -I/home/kaan/cubeideworkspace/chip_headers/CMSIS/Device/ST/STM32F0xx/Include -I/home/kaan/cubeideworkspace/chip_headers/CMSIS/Include -O0 -ffunction-sections -fdata-sections -Wall -fstack-usage -fcyclomatic-complexity -MMD -MP -MF"Src/uart.d" -MT"Src/uart.o" --specs=nano.specs -mfloat-abi=soft -mthumb -o "Src/uart.o"
In file included from ../Src/main.c:3:
../Inc/uart.h:17:13: warning: 'uart_set_baudrate' declared 'static' but never defined [-Wunused-function]
   17 | static void uart_set_baudrate(USART_TypeDef *USARTx, uint32_t PeriphClk, uint32_t BaudRate);
      |             ^~~~~~~~~~~~~~~~~
../Inc/uart.h:19:17: warning: 'compute_uart_bd' declared 'static' but never defined [-Wunused-function]
   19 | static uint16_t compute_uart_bd(uint32_t PeriphClk, uint32_t BaudRate);
      |                 ^~~~~~~~~~~~~~~
arm-none-eabi-gcc -o "8_uart_rx.elf" @"objects.list"   -mcpu=cortex-m0 -T"/home/kaan/cubeideworkspace/8_uart_rx/STM32F091RCTX_FLASH.ld" --specs=nosys.specs -Wl,-Map="8_uart_rx.map" -Wl,--gc-sections -static --specs=nano.specs -mfloat-abi=soft -mthumb -Wl,--start-group -lc -lm -Wl,--end-group
Finished building target: 8_uart_rx.elf
 
arm-none-eabi-size   8_uart_rx.elf 
arm-none-eabi-objdump -h -S  8_uart_rx.elf  > "8_uart_rx.list"
   text	   data	    bss	    dec	    hex	filename
   1264	      8	   1568	   2840	    b18	8_uart_rx.elf
Finished building: default.size.stdout
 
Finished building: 8_uart_rx.list
 
00:33:16 **** Incremental Build of configuration Debug for project 8_uart_rx ****
make -j16 all 
arm-none-eabi-size   8_uart_rx.elf 
   text	   data	    bss	    dec	    hex	filename
   1264	      8	   1568	   2840	    b18	8_uart_rx.elf
Finished building: default.size.stdout
 
00:33:40 **** Incremental Build of configuration Debug for project 8_uart_rx ****
make -j16 all 
arm-none-eabi-size   8_uart_rx.elf 
   text	   data	    bss	    dec	    hex	filename
   1264	      8	   1568	   2840	    b18	8_uart_rx.elf
Finished building: default.size.stdout
 
00:33:59 **** Incremental Build of configuration Debug for project 8_uart_rx ****
make -j16 all 
arm-none-eabi-size   8_uart_rx.elf 
   text	   data	    bss	    dec	    hex	filename
   1264	      8	   1568	   2840	    b18	8_uart_rx.elf
Finished building: default.size.stdout
 
00:35:22 **** Incremental Build of configuration Debug for project 8_uart_rx ****
make -j16 all 
arm-none-eabi-size   8_uart_rx.elf 
   text	   data	    bss	    dec	    hex	filename
   1264	      8	   1568	   2840	    b18	8_uart_rx.elf
Finished building: default.size.stdout
 
00:36:29 **** Incremental Build of configuration Debug for project 8_uart_rx ****
make -j16 all 
arm-none-eabi-size   8_uart_rx.elf 
   text	   data	    bss	    dec	    hex	filename
   1264	      8	   1568	   2840	    b18	8_uart_rx.elf
Finished building: default.size.stdout
 
00:36:46 **** Incremental Build of configuration Debug for project 8_uart_rx ****
make -j16 all 
arm-none-eabi-size   8_uart_rx.elf 
   text	   data	    bss	    dec	    hex	filename
   1264	      8	   1568	   2840	    b18	8_uart_rx.elf
Finished building: default.size.stdout
 
00:40:41 **** Incremental Build of configuration Debug for project 8_uart_rx ****
make -j16 all 
arm-none-eabi-gcc "../Src/uart.c" -mcpu=cortex-m0 -std=gnu11 -g3 -DDEBUG -DSTM32 -DSTM32F0 -DNUCLEO_F091RC -DSTM32F091RCTx -DSTM32F091xC -c -I../Inc -I/home/kaan/cubeideworkspace/chip_headers/CMSIS/Device/ST/STM32F0xx/Include -I/home/kaan/cubeideworkspace/chip_headers/CMSIS/Include -O0 -ffunction-sections -fdata-sections -Wall -fstack-usage -fcyclomatic-complexity -MMD -MP -MF"Src/uart.d" -MT"Src/uart.o" --specs=nano.specs -mfloat-abi=soft -mthumb -o "Src/uart.o"
arm-none-eabi-gcc -o "8_uart_rx.elf" @"objects.list"   -mcpu=cortex-m0 -T"/home/kaan/cubeideworkspace/8_uart_rx/STM32F091RCTX_FLASH.ld" --specs=nosys.specs -Wl,-Map="8_uart_rx.map" -Wl,--gc-sections -static --specs=nano.specs -mfloat-abi=soft -mthumb -Wl,--start-group -lc -lm -Wl,--end-group
Finished building target: 8_uart_rx.elf
 
arm-none-eabi-size   8_uart_rx.elf 
arm-none-eabi-objdump -h -S  8_uart_rx.elf  > "8_uart_rx.list"
   text	   data	    bss	    dec	    hex	filename
   1264	      8	   1568	   2840	    b18	8_uart_rx.elf
Finished building: default.size.stdout
 
Finished building: 8_uart_rx.list
 
00:40:45 **** Incremental Build of configuration Debug for project 8_uart_rx ****
make -j16 all 
arm-none-eabi-size   8_uart_rx.elf 
   text	   data	    bss	    dec	    hex	filename
   1264	      8	   1568	   2840	    b18	8_uart_rx.elf
Finished building: default.size.stdout
 
00:40:57 **** Incremental Build of configuration Debug for project 8_uart_rx ****
make -j16 all 
arm-none-eabi-size   8_uart_rx.elf 
   text	   data	    bss	    dec	    hex	filename
   1264	      8	   1568	   2840	    b18	8_uart_rx.elf
Finished building: default.size.stdout
 
00:42:47 **** Incremental Build of configuration Debug for project 8_uart_rx ****
make -j16 all 
arm-none-eabi-gcc "../Src/uart.c" -mcpu=cortex-m0 -std=gnu11 -g3 -DDEBUG -DSTM32 -DSTM32F0 -DNUCLEO_F091RC -DSTM32F091RCTx -DSTM32F091xC -c -I../Inc -I/home/kaan/cubeideworkspace/chip_headers/CMSIS/Device/ST/STM32F0xx/Include -I/home/kaan/cubeideworkspace/chip_headers/CMSIS/Include -O0 -ffunction-sections -fdata-sections -Wall -fstack-usage -fcyclomatic-complexity -MMD -MP -MF"Src/uart.d" -MT"Src/uart.o" --specs=nano.specs -mfloat-abi=soft -mthumb -o "Src/uart.o"
arm-none-eabi-gcc -o "8_uart_rx.elf" @"objects.list"   -mcpu=cortex-m0 -T"/home/kaan/cubeideworkspace/8_uart_rx/STM32F091RCTX_FLASH.ld" --specs=nosys.specs -Wl,-Map="8_uart_rx.map" -Wl,--gc-sections -static --specs=nano.specs -mfloat-abi=soft -mthumb -Wl,--start-group -lc -lm -Wl,--end-group
Finished building target: 8_uart_rx.elf
 
arm-none-eabi-size   8_uart_rx.elf 
arm-none-eabi-objdump -h -S  8_uart_rx.elf  > "8_uart_rx.list"
   text	   data	    bss	    dec	    hex	filename
   1264	      8	   1568	   2840	    b18	8_uart_rx.elf
Finished building: default.size.stdout
 
Finished building: 8_uart_rx.list
 
00:42:51 **** Incremental Build of configuration Debug for project 8_uart_rx ****
make -j16 all 
arm-none-eabi-size   8_uart_rx.elf 
   text	   data	    bss	    dec	    hex	filename
   1264	      8	   1568	   2840	    b18	8_uart_rx.elf
Finished building: default.size.stdout
 
00:53:04 **** Incremental Build of configuration Debug for project 8_uart_rx ****
make -j16 all 
arm-none-eabi-size   8_uart_rx.elf 
   text	   data	    bss	    dec	    hex	filename
   1264	      8	   1568	   2840	    b18	8_uart_rx.elf
Finished building: default.size.stdout
 
00:55:21 **** Incremental Build of configuration Debug for project 8_uart_rx ****
make -j16 all 
arm-none-eabi-gcc "../Src/main.c" -mcpu=cortex-m0 -std=gnu11 -g3 -DDEBUG -DSTM32 -DSTM32F0 -DNUCLEO_F091RC -DSTM32F091RCTx -DSTM32F091xC -c -I../Inc -I/home/kaan/cubeideworkspace/chip_headers/CMSIS/Device/ST/STM32F0xx/Include -I/home/kaan/cubeideworkspace/chip_headers/CMSIS/Include -O0 -ffunction-sections -fdata-sections -Wall -fstack-usage -fcyclomatic-complexity -MMD -MP -MF"Src/main.d" -MT"Src/main.o" --specs=nano.specs -mfloat-abi=soft -mthumb -o "Src/main.o"
arm-none-eabi-gcc "../Src/uart.c" -mcpu=cortex-m0 -std=gnu11 -g3 -DDEBUG -DSTM32 -DSTM32F0 -DNUCLEO_F091RC -DSTM32F091RCTx -DSTM32F091xC -c -I../Inc -I/home/kaan/cubeideworkspace/chip_headers/CMSIS/Device/ST/STM32F0xx/Include -I/home/kaan/cubeideworkspace/chip_headers/CMSIS/Include -O0 -ffunction-sections -fdata-sections -Wall -fstack-usage -fcyclomatic-complexity -MMD -MP -MF"Src/uart.d" -MT"Src/uart.o" --specs=nano.specs -mfloat-abi=soft -mthumb -o "Src/uart.o"
In file included from ../Src/main.c:3:
../Inc/uart.h:17:13: warning: 'uart_set_baudrate' declared 'static' but never defined [-Wunused-function]
   17 | static void uart_set_baudrate(USART_TypeDef *USARTx, uint32_t PeriphClk, uint32_t BaudRate);
      |             ^~~~~~~~~~~~~~~~~
../Inc/uart.h:19:17: warning: 'compute_uart_bd' declared 'static' but never defined [-Wunused-function]
   19 | static uint16_t compute_uart_bd(uint32_t PeriphClk, uint32_t BaudRate);
      |                 ^~~~~~~~~~~~~~~
arm-none-eabi-gcc -o "8_uart_rx.elf" @"objects.list"   -mcpu=cortex-m0 -T"/home/kaan/cubeideworkspace/8_uart_rx/STM32F091RCTX_FLASH.ld" --specs=nosys.specs -Wl,-Map="8_uart_rx.map" -Wl,--gc-sections -static --specs=nano.specs -mfloat-abi=soft -mthumb -Wl,--start-group -lc -lm -Wl,--end-group
Finished building target: 8_uart_rx.elf
 
arm-none-eabi-size   8_uart_rx.elf 
arm-none-eabi-objdump -h -S  8_uart_rx.elf  > "8_uart_rx.list"
   text	   data	    bss	    dec	    hex	filename
   1268	      8	   1568	   2844	    b1c	8_uart_rx.elf
Finished building: default.size.stdout
 
Finished building: 8_uart_rx.list
 
13:12:24 **** Build of configuration Debug for project 9_adc ****
make -j16 all 
arm-none-eabi-gcc "../Src/adc.c" -mcpu=cortex-m0 -std=gnu11 -g3 -DDEBUG -DSTM32 -DSTM32F0 -DNUCLEO_F091RC -DSTM32F091RCTx -DSTM32F091xC -c -I../Inc -I/home/kaan/cubeideworkspace/chip_headers/CMSIS/Device/ST/STM32F0xx/Include -I/home/kaan/cubeideworkspace/chip_headers/CMSIS/Include -O0 -ffunction-sections -fdata-sections -Wall -fstack-usage -fcyclomatic-complexity -MMD -MP -MF"Src/adc.d" -MT"Src/adc.o" --specs=nano.specs -mfloat-abi=soft -mthumb -o "Src/adc.o"
arm-none-eabi-gcc "../Src/main.c" -mcpu=cortex-m0 -std=gnu11 -g3 -DDEBUG -DSTM32 -DSTM32F0 -DNUCLEO_F091RC -DSTM32F091RCTx -DSTM32F091xC -c -I../Inc -I/home/kaan/cubeideworkspace/chip_headers/CMSIS/Device/ST/STM32F0xx/Include -I/home/kaan/cubeideworkspace/chip_headers/CMSIS/Include -O0 -ffunction-sections -fdata-sections -Wall -fstack-usage -fcyclomatic-complexity -MMD -MP -MF"Src/main.d" -MT"Src/main.o" --specs=nano.specs -mfloat-abi=soft -mthumb -o "Src/main.o"
arm-none-eabi-gcc "../Src/syscalls.c" -mcpu=cortex-m0 -std=gnu11 -g3 -DDEBUG -DSTM32 -DSTM32F0 -DNUCLEO_F091RC -DSTM32F091RCTx -DSTM32F091xC -c -I../Inc -I/home/kaan/cubeideworkspace/chip_headers/CMSIS/Device/ST/STM32F0xx/Include -I/home/kaan/cubeideworkspace/chip_headers/CMSIS/Include -O0 -ffunction-sections -fdata-sections -Wall -fstack-usage -fcyclomatic-complexity -MMD -MP -MF"Src/syscalls.d" -MT"Src/syscalls.o" --specs=nano.specs -mfloat-abi=soft -mthumb -o "Src/syscalls.o"
arm-none-eabi-gcc "../Src/sysmem.c" -mcpu=cortex-m0 -std=gnu11 -g3 -DDEBUG -DSTM32 -DSTM32F0 -DNUCLEO_F091RC -DSTM32F091RCTx -DSTM32F091xC -c -I../Inc -I/home/kaan/cubeideworkspace/chip_headers/CMSIS/Device/ST/STM32F0xx/Include -I/home/kaan/cubeideworkspace/chip_headers/CMSIS/Include -O0 -ffunction-sections -fdata-sections -Wall -fstack-usage -fcyclomatic-complexity -MMD -MP -MF"Src/sysmem.d" -MT"Src/sysmem.o" --specs=nano.specs -mfloat-abi=soft -mthumb -o "Src/sysmem.o"
arm-none-eabi-gcc "../Src/uart.c" -mcpu=cortex-m0 -std=gnu11 -g3 -DDEBUG -DSTM32 -DSTM32F0 -DNUCLEO_F091RC -DSTM32F091RCTx -DSTM32F091xC -c -I../Inc -I/home/kaan/cubeideworkspace/chip_headers/CMSIS/Device/ST/STM32F0xx/Include -I/home/kaan/cubeideworkspace/chip_headers/CMSIS/Include -O0 -ffunction-sections -fdata-sections -Wall -fstack-usage -fcyclomatic-complexity -MMD -MP -MF"Src/uart.d" -MT"Src/uart.o" --specs=nano.specs -mfloat-abi=soft -mthumb -o "Src/uart.o"
../Src/main.c: In function 'main':
../Src/main.c:27:35: warning: format '%d' expects argument of type 'int', but argument 2 has type 'uint32_t' {aka 'long unsigned int'} [-Wformat=]
   27 |         printf("sensor value is  %d \n\r", sensor_value);
      |                                  ~^        ~~~~~~~~~~~~
      |                                   |        |
      |                                   int      uint32_t {aka long unsigned int}
      |                                  %ld
In file included from ../Src/main.c:3:
../Src/main.c: At top level:
../Inc/uart.h:17:13: warning: 'uart_set_baudrate' declared 'static' but never defined [-Wunused-function]
   17 | static void uart_set_baudrate(USART_TypeDef *USARTx, uint32_t PeriphClk, uint32_t BaudRate);
      |             ^~~~~~~~~~~~~~~~~
../Inc/uart.h:19:17: warning: 'compute_uart_bd' declared 'static' but never defined [-Wunused-function]
   19 | static uint16_t compute_uart_bd(uint32_t PeriphClk, uint32_t BaudRate);
      |                 ^~~~~~~~~~~~~~~
arm-none-eabi-gcc -o "9_adc.elf" @"objects.list"   -mcpu=cortex-m0 -T"/home/kaan/cubeideworkspace/9_adc/STM32F091RCTX_FLASH.ld" --specs=nosys.specs -Wl,-Map="9_adc.map" -Wl,--gc-sections -static --specs=nano.specs -mfloat-abi=soft -mthumb -Wl,--start-group -lc -lm -Wl,--end-group
Finished building target: 9_adc.elf
 
arm-none-eabi-size   9_adc.elf 
arm-none-eabi-objdump -h -S  9_adc.elf  > "9_adc.list"
   text	   data	    bss	    dec	    hex	filename
   5412	    100	   1908	   7420	   1cfc	9_adc.elf
Finished building: default.size.stdout
 
Finished building: 9_adc.list
 
13:12:43 **** Incremental Build of configuration Debug for project 9_adc ****
make -j16 all 
arm-none-eabi-size   9_adc.elf 
   text	   data	    bss	    dec	    hex	filename
   5412	    100	   1908	   7420	   1cfc	9_adc.elf
Finished building: default.size.stdout
 
13:14:31 **** Incremental Build of configuration Debug for project 9_adc ****
make -j16 all 
arm-none-eabi-gcc "../Src/main.c" -mcpu=cortex-m0 -std=gnu11 -g3 -DDEBUG -DSTM32 -DSTM32F0 -DNUCLEO_F091RC -DSTM32F091RCTx -DSTM32F091xC -c -I../Inc -I/home/kaan/cubeideworkspace/chip_headers/CMSIS/Device/ST/STM32F0xx/Include -I/home/kaan/cubeideworkspace/chip_headers/CMSIS/Include -O0 -ffunction-sections -fdata-sections -Wall -fstack-usage -fcyclomatic-complexity -MMD -MP -MF"Src/main.d" -MT"Src/main.o" --specs=nano.specs -mfloat-abi=soft -mthumb -o "Src/main.o"
../Src/main.c: In function 'main':
../Src/main.c:28:35: warning: format '%d' expects argument of type 'int', but argument 2 has type 'uint32_t' {aka 'long unsigned int'} [-Wformat=]
   28 |         printf("sensor value is  %d \n\r", sensor_value);
      |                                  ~^        ~~~~~~~~~~~~
      |                                   |        |
      |                                   int      uint32_t {aka long unsigned int}
      |                                  %ld
In file included from ../Src/main.c:3:
../Src/main.c: At top level:
../Inc/uart.h:17:13: warning: 'uart_set_baudrate' declared 'static' but never defined [-Wunused-function]
   17 | static void uart_set_baudrate(USART_TypeDef *USARTx, uint32_t PeriphClk, uint32_t BaudRate);
      |             ^~~~~~~~~~~~~~~~~
../Inc/uart.h:19:17: warning: 'compute_uart_bd' declared 'static' but never defined [-Wunused-function]
   19 | static uint16_t compute_uart_bd(uint32_t PeriphClk, uint32_t BaudRate);
      |                 ^~~~~~~~~~~~~~~
arm-none-eabi-gcc -o "9_adc.elf" @"objects.list"   -mcpu=cortex-m0 -T"/home/kaan/cubeideworkspace/9_adc/STM32F091RCTX_FLASH.ld" --specs=nosys.specs -Wl,-Map="9_adc.map" -Wl,--gc-sections -static --specs=nano.specs -mfloat-abi=soft -mthumb -Wl,--start-group -lc -lm -Wl,--end-group
Finished building target: 9_adc.elf
 
arm-none-eabi-size   9_adc.elf 
arm-none-eabi-objdump -h -S  9_adc.elf  > "9_adc.list"
   text	   data	    bss	    dec	    hex	filename
   5412	    100	   1908	   7420	   1cfc	9_adc.elf
Finished building: default.size.stdout
 
Finished building: 9_adc.list
 
13:15:43 **** Incremental Build of configuration Debug for project 9_adc ****
make -j16 all 
arm-none-eabi-size   9_adc.elf 
   text	   data	    bss	    dec	    hex	filename
   5412	    100	   1908	   7420	   1cfc	9_adc.elf
Finished building: default.size.stdout
 
20:23:07 **** Incremental Build of configuration Debug for project 9_adc ****
make -j16 all 
arm-none-eabi-gcc "../Src/main.c" -mcpu=cortex-m0 -std=gnu11 -g3 -DDEBUG -DSTM32 -DSTM32F0 -DNUCLEO_F091RC -DSTM32F091RCTx -DSTM32F091xC -c -I../Inc -I/home/kaan/cubeideworkspace/chip_headers/CMSIS/Device/ST/STM32F0xx/Include -I/home/kaan/cubeideworkspace/chip_headers/CMSIS/Include -O0 -ffunction-sections -fdata-sections -Wall -fstack-usage -fcyclomatic-complexity -MMD -MP -MF"Src/main.d" -MT"Src/main.o" --specs=nano.specs -mfloat-abi=soft -mthumb -o "Src/main.o"
../Src/main.c: In function 'main':
../Src/main.c:28:35: warning: format '%d' expects argument of type 'int', but argument 2 has type 'uint32_t' {aka 'long unsigned int'} [-Wformat=]
   28 |         printf("sensor value is  %d \n\r", sensor_value);
      |                                  ~^        ~~~~~~~~~~~~
      |                                   |        |
      |                                   int      uint32_t {aka long unsigned int}
      |                                  %ld
In file included from ../Src/main.c:3:
../Src/main.c: At top level:
../Inc/uart.h:17:13: warning: 'uart_set_baudrate' declared 'static' but never defined [-Wunused-function]
   17 | static void uart_set_baudrate(USART_TypeDef *USARTx, uint32_t PeriphClk, uint32_t BaudRate);
      |             ^~~~~~~~~~~~~~~~~
../Inc/uart.h:19:17: warning: 'compute_uart_bd' declared 'static' but never defined [-Wunused-function]
   19 | static uint16_t compute_uart_bd(uint32_t PeriphClk, uint32_t BaudRate);
      |                 ^~~~~~~~~~~~~~~
arm-none-eabi-gcc -o "9_adc.elf" @"objects.list"   -mcpu=cortex-m0 -T"/home/kaan/cubeideworkspace/9_adc/STM32F091RCTX_FLASH.ld" --specs=nosys.specs -Wl,-Map="9_adc.map" -Wl,--gc-sections -static --specs=nano.specs -mfloat-abi=soft -mthumb -Wl,--start-group -lc -lm -Wl,--end-group
Finished building target: 9_adc.elf
 
arm-none-eabi-size   9_adc.elf 
arm-none-eabi-objdump -h -S  9_adc.elf  > "9_adc.list"
   text	   data	    bss	    dec	    hex	filename
   5412	    100	   1908	   7420	   1cfc	9_adc.elf
Finished building: default.size.stdout
 
Finished building: 9_adc.list
 
20:23:13 **** Incremental Build of configuration Debug for project 9_adc ****
make -j16 all 
arm-none-eabi-size   9_adc.elf 
   text	   data	    bss	    dec	    hex	filename
   5412	    100	   1908	   7420	   1cfc	9_adc.elf
Finished building: default.size.stdout
 
22:34:58 **** Build of configuration Debug for project 10_adc_continuous_conversion ****
make -j16 all 
arm-none-eabi-gcc "../Src/adc.c" -mcpu=cortex-m0 -std=gnu11 -g3 -DDEBUG -DSTM32 -DSTM32F0 -DNUCLEO_F091RC -DSTM32F091RCTx -DSTM32F091xC -c -I../Inc -I/home/kaan/cubeideworkspace/chip_headers/CMSIS/Device/ST/STM32F0xx/Include -I/home/kaan/cubeideworkspace/chip_headers/CMSIS/Include -O0 -ffunction-sections -fdata-sections -Wall -fstack-usage -fcyclomatic-complexity -MMD -MP -MF"Src/adc.d" -MT"Src/adc.o" --specs=nano.specs -mfloat-abi=soft -mthumb -o "Src/adc.o"
arm-none-eabi-gcc "../Src/main.c" -mcpu=cortex-m0 -std=gnu11 -g3 -DDEBUG -DSTM32 -DSTM32F0 -DNUCLEO_F091RC -DSTM32F091RCTx -DSTM32F091xC -c -I../Inc -I/home/kaan/cubeideworkspace/chip_headers/CMSIS/Device/ST/STM32F0xx/Include -I/home/kaan/cubeideworkspace/chip_headers/CMSIS/Include -O0 -ffunction-sections -fdata-sections -Wall -fstack-usage -fcyclomatic-complexity -MMD -MP -MF"Src/main.d" -MT"Src/main.o" --specs=nano.specs -mfloat-abi=soft -mthumb -o "Src/main.o"
../Src/main.c: In function 'main':
../Src/main.c:28:35: warning: format '%d' expects argument of type 'int', but argument 2 has type 'uint32_t' {aka 'long unsigned int'} [-Wformat=]
   28 |         printf("sensor value is  %d \n\r", sensor_value);
      |                                  ~^        ~~~~~~~~~~~~
      |                                   |        |
      |                                   int      uint32_t {aka long unsigned int}
      |                                  %ld
In file included from ../Src/main.c:3:
../Src/main.c: At top level:
../Inc/uart.h:17:13: warning: 'uart_set_baudrate' declared 'static' but never defined [-Wunused-function]
   17 | static void uart_set_baudrate(USART_TypeDef *USARTx, uint32_t PeriphClk, uint32_t BaudRate);
      |             ^~~~~~~~~~~~~~~~~
../Inc/uart.h:19:17: warning: 'compute_uart_bd' declared 'static' but never defined [-Wunused-function]
   19 | static uint16_t compute_uart_bd(uint32_t PeriphClk, uint32_t BaudRate);
      |                 ^~~~~~~~~~~~~~~
arm-none-eabi-gcc -o "10_adc_continuous_conversion.elf" @"objects.list"   -mcpu=cortex-m0 -T"/home/kaan/cubeideworkspace/10_adc_continuous_conversion/STM32F091RCTX_FLASH.ld" --specs=nosys.specs -Wl,-Map="10_adc_continuous_conversion.map" -Wl,--gc-sections -static --specs=nano.specs -mfloat-abi=soft -mthumb -Wl,--start-group -lc -lm -Wl,--end-group
Finished building target: 10_adc_continuous_conversion.elf
 
arm-none-eabi-size   10_adc_continuous_conversion.elf 
arm-none-eabi-objdump -h -S  10_adc_continuous_conversion.elf  > "10_adc_continuous_conversion.list"
   text	   data	    bss	    dec	    hex	filename
   5428	    100	   1908	   7436	   1d0c	10_adc_continuous_conversion.elf
Finished building: default.size.stdout
 
Finished building: 10_adc_continuous_conversion.list
 
22:35:06 **** Incremental Build of configuration Debug for project 10_adc_continuous_conversion ****
make -j16 all 
arm-none-eabi-size   10_adc_continuous_conversion.elf 
   text	   data	    bss	    dec	    hex	filename
   5428	    100	   1908	   7436	   1d0c	10_adc_continuous_conversion.elf
Finished building: default.size.stdout
 
22:35:15 **** Incremental Build of configuration Debug for project 10_adc_continuous_conversion ****
make -j16 all 
arm-none-eabi-size   10_adc_continuous_conversion.elf 
   text	   data	    bss	    dec	    hex	filename
   5428	    100	   1908	   7436	   1d0c	10_adc_continuous_conversion.elf
Finished building: default.size.stdout
 
22:35:39 **** Incremental Build of configuration Debug for project 10_adc_continuous_conversion ****
make -j16 all 
arm-none-eabi-size   10_adc_continuous_conversion.elf 
   text	   data	    bss	    dec	    hex	filename
   5428	    100	   1908	   7436	   1d0c	10_adc_continuous_conversion.elf
Finished building: default.size.stdout
 
22:36:28 **** Incremental Build of configuration Debug for project 10_adc_continuous_conversion ****
make -j16 all 
arm-none-eabi-size   10_adc_continuous_conversion.elf 
   text	   data	    bss	    dec	    hex	filename
   5428	    100	   1908	   7436	   1d0c	10_adc_continuous_conversion.elf
Finished building: default.size.stdout
 
22:39:03 **** Incremental Build of configuration Debug for project 10_adc_continuous_conversion ****
make -j16 all 
arm-none-eabi-gcc "../Src/adc.c" -mcpu=cortex-m0 -std=gnu11 -g3 -DDEBUG -DSTM32 -DSTM32F0 -DNUCLEO_F091RC -DSTM32F091RCTx -DSTM32F091xC -c -I../Inc -I/home/kaan/cubeideworkspace/chip_headers/CMSIS/Device/ST/STM32F0xx/Include -I/home/kaan/cubeideworkspace/chip_headers/CMSIS/Include -O0 -ffunction-sections -fdata-sections -Wall -fstack-usage -fcyclomatic-complexity -MMD -MP -MF"Src/adc.d" -MT"Src/adc.o" --specs=nano.specs -mfloat-abi=soft -mthumb -o "Src/adc.o"
arm-none-eabi-gcc -o "10_adc_continuous_conversion.elf" @"objects.list"   -mcpu=cortex-m0 -T"/home/kaan/cubeideworkspace/10_adc_continuous_conversion/STM32F091RCTX_FLASH.ld" --specs=nosys.specs -Wl,-Map="10_adc_continuous_conversion.map" -Wl,--gc-sections -static --specs=nano.specs -mfloat-abi=soft -mthumb -Wl,--start-group -lc -lm -Wl,--end-group
Finished building target: 10_adc_continuous_conversion.elf
 
arm-none-eabi-size   10_adc_continuous_conversion.elf 
arm-none-eabi-objdump -h -S  10_adc_continuous_conversion.elf  > "10_adc_continuous_conversion.list"
   text	   data	    bss	    dec	    hex	filename
   5424	    100	   1908	   7432	   1d08	10_adc_continuous_conversion.elf
Finished building: default.size.stdout
 
Finished building: 10_adc_continuous_conversion.list
 
22:39:09 **** Incremental Build of configuration Debug for project 10_adc_continuous_conversion ****
make -j16 all 
arm-none-eabi-size   10_adc_continuous_conversion.elf 
   text	   data	    bss	    dec	    hex	filename
   5424	    100	   1908	   7432	   1d08	10_adc_continuous_conversion.elf
Finished building: default.size.stdout
 
12:28:42 **** Build of configuration Debug for project 11_systick_delay ****
make -j16 all 
arm-none-eabi-gcc "../Src/adc.c" -mcpu=cortex-m0 -std=gnu11 -g3 -DDEBUG -DSTM32 -DSTM32F0 -DNUCLEO_F091RC -DSTM32F091RCTx -DSTM32F091xC -c -I../Inc -I/home/kaan/cubeideworkspace/chip_headers/CMSIS/Device/ST/STM32F0xx/Include -I/home/kaan/cubeideworkspace/chip_headers/CMSIS/Include -O0 -ffunction-sections -fdata-sections -Wall -fstack-usage -fcyclomatic-complexity -MMD -MP -MF"Src/adc.d" -MT"Src/adc.o" --specs=nano.specs -mfloat-abi=soft -mthumb -o "Src/adc.o"
arm-none-eabi-gcc "../Src/main.c" -mcpu=cortex-m0 -std=gnu11 -g3 -DDEBUG -DSTM32 -DSTM32F0 -DNUCLEO_F091RC -DSTM32F091RCTx -DSTM32F091xC -c -I../Inc -I/home/kaan/cubeideworkspace/chip_headers/CMSIS/Device/ST/STM32F0xx/Include -I/home/kaan/cubeideworkspace/chip_headers/CMSIS/Include -O0 -ffunction-sections -fdata-sections -Wall -fstack-usage -fcyclomatic-complexity -MMD -MP -MF"Src/main.d" -MT"Src/main.o" --specs=nano.specs -mfloat-abi=soft -mthumb -o "Src/main.o"
arm-none-eabi-gcc "../Src/syscalls.c" -mcpu=cortex-m0 -std=gnu11 -g3 -DDEBUG -DSTM32 -DSTM32F0 -DNUCLEO_F091RC -DSTM32F091RCTx -DSTM32F091xC -c -I../Inc -I/home/kaan/cubeideworkspace/chip_headers/CMSIS/Device/ST/STM32F0xx/Include -I/home/kaan/cubeideworkspace/chip_headers/CMSIS/Include -O0 -ffunction-sections -fdata-sections -Wall -fstack-usage -fcyclomatic-complexity -MMD -MP -MF"Src/syscalls.d" -MT"Src/syscalls.o" --specs=nano.specs -mfloat-abi=soft -mthumb -o "Src/syscalls.o"
arm-none-eabi-gcc "../Src/sysmem.c" -mcpu=cortex-m0 -std=gnu11 -g3 -DDEBUG -DSTM32 -DSTM32F0 -DNUCLEO_F091RC -DSTM32F091RCTx -DSTM32F091xC -c -I../Inc -I/home/kaan/cubeideworkspace/chip_headers/CMSIS/Device/ST/STM32F0xx/Include -I/home/kaan/cubeideworkspace/chip_headers/CMSIS/Include -O0 -ffunction-sections -fdata-sections -Wall -fstack-usage -fcyclomatic-complexity -MMD -MP -MF"Src/sysmem.d" -MT"Src/sysmem.o" --specs=nano.specs -mfloat-abi=soft -mthumb -o "Src/sysmem.o"
arm-none-eabi-gcc "../Src/systick.c" -mcpu=cortex-m0 -std=gnu11 -g3 -DDEBUG -DSTM32 -DSTM32F0 -DNUCLEO_F091RC -DSTM32F091RCTx -DSTM32F091xC -c -I../Inc -I/home/kaan/cubeideworkspace/chip_headers/CMSIS/Device/ST/STM32F0xx/Include -I/home/kaan/cubeideworkspace/chip_headers/CMSIS/Include -O0 -ffunction-sections -fdata-sections -Wall -fstack-usage -fcyclomatic-complexity -MMD -MP -MF"Src/systick.d" -MT"Src/systick.o" --specs=nano.specs -mfloat-abi=soft -mthumb -o "Src/systick.o"
arm-none-eabi-gcc "../Src/uart.c" -mcpu=cortex-m0 -std=gnu11 -g3 -DDEBUG -DSTM32 -DSTM32F0 -DNUCLEO_F091RC -DSTM32F091RCTx -DSTM32F091xC -c -I../Inc -I/home/kaan/cubeideworkspace/chip_headers/CMSIS/Device/ST/STM32F0xx/Include -I/home/kaan/cubeideworkspace/chip_headers/CMSIS/Include -O0 -ffunction-sections -fdata-sections -Wall -fstack-usage -fcyclomatic-complexity -MMD -MP -MF"Src/uart.d" -MT"Src/uart.o" --specs=nano.specs -mfloat-abi=soft -mthumb -o "Src/uart.o"
../Src/systick.c: In function 'systickDelayMs':
../Src/systick.c:37:38: warning: suggest parentheses around comparison in operand of '&' [-Wparentheses]
   37 |                 while((SysTick->CTRL & CTRL_COUNTFLAG == 0)){}
      |                                      ^
In file included from ../Src/main.c:3:
../Inc/uart.h:17:13: warning: 'uart_set_baudrate' declared 'static' but never defined [-Wunused-function]
   17 | static void uart_set_baudrate(USART_TypeDef *USARTx, uint32_t PeriphClk, uint32_t BaudRate);
      |             ^~~~~~~~~~~~~~~~~
../Inc/uart.h:19:17: warning: 'compute_uart_bd' declared 'static' but never defined [-Wunused-function]
   19 | static uint16_t compute_uart_bd(uint32_t PeriphClk, uint32_t BaudRate);
      |                 ^~~~~~~~~~~~~~~
arm-none-eabi-gcc -o "11_systick_delay.elf" @"objects.list"   -mcpu=cortex-m0 -T"/home/kaan/cubeideworkspace/11_systick_delay/STM32F091RCTX_FLASH.ld" --specs=nosys.specs -Wl,-Map="11_systick_delay.map" -Wl,--gc-sections -static --specs=nano.specs -mfloat-abi=soft -mthumb -Wl,--start-group -lc -lm -Wl,--end-group
Finished building target: 11_systick_delay.elf
 
arm-none-eabi-size   11_systick_delay.elf 
arm-none-eabi-objdump -h -S  11_systick_delay.elf  > "11_systick_delay.list"
   text	   data	    bss	    dec	    hex	filename
   5100	    100	   1900	   7100	   1bbc	11_systick_delay.elf
Finished building: default.size.stdout
 
Finished building: 11_systick_delay.list
 
12:28:42 **** Build of configuration Debug for project 1_led_toggle_addr_struct ****
make -j16 all 
arm-none-eabi-gcc "../Src/main.c" -mcpu=cortex-m0 -std=gnu11 -g3 -DDEBUG -DSTM32 -DSTM32F0 -DNUCLEO_F091RC -DSTM32F091RCTx -c -I../Inc -O0 -ffunction-sections -fdata-sections -Wall -fstack-usage -fcyclomatic-complexity -MMD -MP -MF"Src/main.d" -MT"Src/main.o" --specs=nano.specs -mfloat-abi=soft -mthumb -o "Src/main.o"
arm-none-eabi-gcc -o "1_led_toggle_addr_struct.elf" @"objects.list"   -mcpu=cortex-m0 -T"/home/kaan/cubeideworkspace/1_led_toggle_addr_struct/STM32F091RCTX_FLASH.ld" --specs=nosys.specs -Wl,-Map="1_led_toggle_addr_struct.map" -Wl,--gc-sections -static --specs=nano.specs -mfloat-abi=soft -mthumb -Wl,--start-group -lc -lm -Wl,--end-group
Finished building target: 1_led_toggle_addr_struct.elf
 
arm-none-eabi-size   1_led_toggle_addr_struct.elf 
arm-none-eabi-objdump -h -S  1_led_toggle_addr_struct.elf  > "1_led_toggle_addr_struct.list"
   text	   data	    bss	    dec	    hex	filename
    548	      8	   1568	   2124	    84c	1_led_toggle_addr_struct.elf
Finished building: default.size.stdout
 
Finished building: 1_led_toggle_addr_struct.list
 
12:28:55 **** Incremental Build of configuration Debug for project 11_systick_delay ****
make -j16 all 
arm-none-eabi-size   11_systick_delay.elf 
   text	   data	    bss	    dec	    hex	filename
   5100	    100	   1900	   7100	   1bbc	11_systick_delay.elf
Finished building: default.size.stdout
 
12:29:06 **** Incremental Build of configuration Debug for project 11_systick_delay ****
make -j16 all 
arm-none-eabi-size   11_systick_delay.elf 
   text	   data	    bss	    dec	    hex	filename
   5100	    100	   1900	   7100	   1bbc	11_systick_delay.elf
Finished building: default.size.stdout
 
12:29:52 **** Incremental Build of configuration Debug for project 11_systick_delay ****
make -j16 all 
arm-none-eabi-size   11_systick_delay.elf 
   text	   data	    bss	    dec	    hex	filename
   5100	    100	   1900	   7100	   1bbc	11_systick_delay.elf
Finished building: default.size.stdout
 
12:30:47 **** Incremental Build of configuration Debug for project 11_systick_delay ****
make -j16 all 
arm-none-eabi-size   11_systick_delay.elf 
   text	   data	    bss	    dec	    hex	filename
   5100	    100	   1900	   7100	   1bbc	11_systick_delay.elf
Finished building: default.size.stdout
 
12:31:13 **** Incremental Build of configuration Debug for project 11_systick_delay ****
make -j16 all 
arm-none-eabi-gcc "../Src/main.c" -mcpu=cortex-m0 -std=gnu11 -g3 -DDEBUG -DSTM32 -DSTM32F0 -DNUCLEO_F091RC -DSTM32F091RCTx -DSTM32F091xC -c -I../Inc -I/home/kaan/cubeideworkspace/chip_headers/CMSIS/Device/ST/STM32F0xx/Include -I/home/kaan/cubeideworkspace/chip_headers/CMSIS/Include -O0 -ffunction-sections -fdata-sections -Wall -fstack-usage -fcyclomatic-complexity -MMD -MP -MF"Src/main.d" -MT"Src/main.o" --specs=nano.specs -mfloat-abi=soft -mthumb -o "Src/main.o"
In file included from ../Src/main.c:3:
../Inc/uart.h:17:13: warning: 'uart_set_baudrate' declared 'static' but never defined [-Wunused-function]
   17 | static void uart_set_baudrate(USART_TypeDef *USARTx, uint32_t PeriphClk, uint32_t BaudRate);
      |             ^~~~~~~~~~~~~~~~~
../Inc/uart.h:19:17: warning: 'compute_uart_bd' declared 'static' but never defined [-Wunused-function]
   19 | static uint16_t compute_uart_bd(uint32_t PeriphClk, uint32_t BaudRate);
      |                 ^~~~~~~~~~~~~~~
arm-none-eabi-gcc -o "11_systick_delay.elf" @"objects.list"   -mcpu=cortex-m0 -T"/home/kaan/cubeideworkspace/11_systick_delay/STM32F091RCTX_FLASH.ld" --specs=nosys.specs -Wl,-Map="11_systick_delay.map" -Wl,--gc-sections -static --specs=nano.specs -mfloat-abi=soft -mthumb -Wl,--start-group -lc -lm -Wl,--end-group
Finished building target: 11_systick_delay.elf
 
arm-none-eabi-size   11_systick_delay.elf 
arm-none-eabi-objdump -h -S  11_systick_delay.elf  > "11_systick_delay.list"
   text	   data	    bss	    dec	    hex	filename
   5376	    100	   1900	   7376	   1cd0	11_systick_delay.elf
Finished building: default.size.stdout
 
Finished building: 11_systick_delay.list
 
12:31:34 **** Incremental Build of configuration Debug for project 11_systick_delay ****
make -j16 all 
arm-none-eabi-size   11_systick_delay.elf 
   text	   data	    bss	    dec	    hex	filename
   5376	    100	   1900	   7376	   1cd0	11_systick_delay.elf
Finished building: default.size.stdout
 
12:36:30 **** Incremental Build of configuration Debug for project 11_systick_delay ****
make -j16 all 
arm-none-eabi-gcc "../Src/main.c" -mcpu=cortex-m0 -std=gnu11 -g3 -DDEBUG -DSTM32 -DSTM32F0 -DNUCLEO_F091RC -DSTM32F091RCTx -DSTM32F091xC -c -I../Inc -I/home/kaan/cubeideworkspace/chip_headers/CMSIS/Device/ST/STM32F0xx/Include -I/home/kaan/cubeideworkspace/chip_headers/CMSIS/Include -O0 -ffunction-sections -fdata-sections -Wall -fstack-usage -fcyclomatic-complexity -MMD -MP -MF"Src/main.d" -MT"Src/main.o" --specs=nano.specs -mfloat-abi=soft -mthumb -o "Src/main.o"
arm-none-eabi-gcc "../Src/systick.c" -mcpu=cortex-m0 -std=gnu11 -g3 -DDEBUG -DSTM32 -DSTM32F0 -DNUCLEO_F091RC -DSTM32F091RCTx -DSTM32F091xC -c -I../Inc -I/home/kaan/cubeideworkspace/chip_headers/CMSIS/Device/ST/STM32F0xx/Include -I/home/kaan/cubeideworkspace/chip_headers/CMSIS/Include -O0 -ffunction-sections -fdata-sections -Wall -fstack-usage -fcyclomatic-complexity -MMD -MP -MF"Src/systick.d" -MT"Src/systick.o" --specs=nano.specs -mfloat-abi=soft -mthumb -o "Src/systick.o"
../Src/systick.c: In function 'systickDelayMs':
../Src/systick.c:37:38: warning: suggest parentheses around comparison in operand of '&' [-Wparentheses]
   37 |                 while((SysTick->CTRL & CTRL_COUNTFLAG == 0)){}
      |                                      ^
In file included from ../Src/main.c:3:
../Inc/uart.h:17:13: warning: 'uart_set_baudrate' declared 'static' but never defined [-Wunused-function]
   17 | static void uart_set_baudrate(USART_TypeDef *USARTx, uint32_t PeriphClk, uint32_t BaudRate);
      |             ^~~~~~~~~~~~~~~~~
../Inc/uart.h:19:17: warning: 'compute_uart_bd' declared 'static' but never defined [-Wunused-function]
   19 | static uint16_t compute_uart_bd(uint32_t PeriphClk, uint32_t BaudRate);
      |                 ^~~~~~~~~~~~~~~
arm-none-eabi-gcc -o "11_systick_delay.elf" @"objects.list"   -mcpu=cortex-m0 -T"/home/kaan/cubeideworkspace/11_systick_delay/STM32F091RCTX_FLASH.ld" --specs=nosys.specs -Wl,-Map="11_systick_delay.map" -Wl,--gc-sections -static --specs=nano.specs -mfloat-abi=soft -mthumb -Wl,--start-group -lc -lm -Wl,--end-group
Finished building target: 11_systick_delay.elf
 
arm-none-eabi-size   11_systick_delay.elf 
arm-none-eabi-objdump -h -S  11_systick_delay.elf  > "11_systick_delay.list"
   text	   data	    bss	    dec	    hex	filename
   5376	    100	   1900	   7376	   1cd0	11_systick_delay.elf
Finished building: default.size.stdout
 
Finished building: 11_systick_delay.list
 
12:36:39 **** Incremental Build of configuration Debug for project 11_systick_delay ****
make -j16 all 
arm-none-eabi-gcc "../Src/main.c" -mcpu=cortex-m0 -std=gnu11 -g3 -DDEBUG -DSTM32 -DSTM32F0 -DNUCLEO_F091RC -DSTM32F091RCTx -DSTM32F091xC -c -I../Inc -I/home/kaan/cubeideworkspace/chip_headers/CMSIS/Device/ST/STM32F0xx/Include -I/home/kaan/cubeideworkspace/chip_headers/CMSIS/Include -O0 -ffunction-sections -fdata-sections -Wall -fstack-usage -fcyclomatic-complexity -MMD -MP -MF"Src/main.d" -MT"Src/main.o" --specs=nano.specs -mfloat-abi=soft -mthumb -o "Src/main.o"
In file included from ../Src/main.c:3:
../Inc/uart.h:17:13: warning: 'uart_set_baudrate' declared 'static' but never defined [-Wunused-function]
   17 | static void uart_set_baudrate(USART_TypeDef *USARTx, uint32_t PeriphClk, uint32_t BaudRate);
      |             ^~~~~~~~~~~~~~~~~
../Inc/uart.h:19:17: warning: 'compute_uart_bd' declared 'static' but never defined [-Wunused-function]
   19 | static uint16_t compute_uart_bd(uint32_t PeriphClk, uint32_t BaudRate);
      |                 ^~~~~~~~~~~~~~~
arm-none-eabi-gcc -o "11_systick_delay.elf" @"objects.list"   -mcpu=cortex-m0 -T"/home/kaan/cubeideworkspace/11_systick_delay/STM32F091RCTX_FLASH.ld" --specs=nosys.specs -Wl,-Map="11_systick_delay.map" -Wl,--gc-sections -static --specs=nano.specs -mfloat-abi=soft -mthumb -Wl,--start-group -lc -lm -Wl,--end-group
Finished building target: 11_systick_delay.elf
 
arm-none-eabi-size   11_systick_delay.elf 
arm-none-eabi-objdump -h -S  11_systick_delay.elf  > "11_systick_delay.list"
   text	   data	    bss	    dec	    hex	filename
   5380	    100	   1900	   7380	   1cd4	11_systick_delay.elf
Finished building: default.size.stdout
 
Finished building: 11_systick_delay.list
 
12:36:41 **** Incremental Build of configuration Debug for project 11_systick_delay ****
make -j16 all 
arm-none-eabi-size   11_systick_delay.elf 
   text	   data	    bss	    dec	    hex	filename
   5380	    100	   1900	   7380	   1cd4	11_systick_delay.elf
Finished building: default.size.stdout
 
12:43:33 **** Incremental Build of configuration Debug for project 11_systick_delay ****
make -j16 all 
arm-none-eabi-gcc "../Src/main.c" -mcpu=cortex-m0 -std=gnu11 -g3 -DDEBUG -DSTM32 -DSTM32F0 -DNUCLEO_F091RC -DSTM32F091RCTx -DSTM32F091xC -c -I../Inc -I/home/kaan/cubeideworkspace/chip_headers/CMSIS/Device/ST/STM32F0xx/Include -I/home/kaan/cubeideworkspace/chip_headers/CMSIS/Include -O0 -ffunction-sections -fdata-sections -Wall -fstack-usage -fcyclomatic-complexity -MMD -MP -MF"Src/main.d" -MT"Src/main.o" --specs=nano.specs -mfloat-abi=soft -mthumb -o "Src/main.o"
arm-none-eabi-gcc "../Src/systick.c" -mcpu=cortex-m0 -std=gnu11 -g3 -DDEBUG -DSTM32 -DSTM32F0 -DNUCLEO_F091RC -DSTM32F091RCTx -DSTM32F091xC -c -I../Inc -I/home/kaan/cubeideworkspace/chip_headers/CMSIS/Device/ST/STM32F0xx/Include -I/home/kaan/cubeideworkspace/chip_headers/CMSIS/Include -O0 -ffunction-sections -fdata-sections -Wall -fstack-usage -fcyclomatic-complexity -MMD -MP -MF"Src/systick.d" -MT"Src/systick.o" --specs=nano.specs -mfloat-abi=soft -mthumb -o "Src/systick.o"
../Src/systick.c: In function 'systickDelayMs':
../Src/systick.c:39:38: warning: suggest parentheses around comparison in operand of '&' [-Wparentheses]
   39 |                 while((SysTick->CTRL & CTRL_COUNTFLAG == 0)){}
      |                                      ^
In file included from ../Src/main.c:3:
../Inc/uart.h:17:13: warning: 'uart_set_baudrate' declared 'static' but never defined [-Wunused-function]
   17 | static void uart_set_baudrate(USART_TypeDef *USARTx, uint32_t PeriphClk, uint32_t BaudRate);
      |             ^~~~~~~~~~~~~~~~~
../Inc/uart.h:19:17: warning: 'compute_uart_bd' declared 'static' but never defined [-Wunused-function]
   19 | static uint16_t compute_uart_bd(uint32_t PeriphClk, uint32_t BaudRate);
      |                 ^~~~~~~~~~~~~~~
arm-none-eabi-gcc -o "11_systick_delay.elf" @"objects.list"   -mcpu=cortex-m0 -T"/home/kaan/cubeideworkspace/11_systick_delay/STM32F091RCTX_FLASH.ld" --specs=nosys.specs -Wl,-Map="11_systick_delay.map" -Wl,--gc-sections -static --specs=nano.specs -mfloat-abi=soft -mthumb -Wl,--start-group -lc -lm -Wl,--end-group
Finished building target: 11_systick_delay.elf
 
arm-none-eabi-size   11_systick_delay.elf 
arm-none-eabi-objdump -h -S  11_systick_delay.elf  > "11_systick_delay.list"
   text	   data	    bss	    dec	    hex	filename
   5376	    100	   1900	   7376	   1cd0	11_systick_delay.elf
Finished building: default.size.stdout
 
Finished building: 11_systick_delay.list
 
12:43:48 **** Incremental Build of configuration Debug for project 11_systick_delay ****
make -j16 all 
arm-none-eabi-size   11_systick_delay.elf 
   text	   data	    bss	    dec	    hex	filename
   5376	    100	   1900	   7376	   1cd0	11_systick_delay.elf
Finished building: default.size.stdout
 
12:44:16 **** Incremental Build of configuration Debug for project 11_systick_delay ****
make -j16 all 
arm-none-eabi-size   11_systick_delay.elf 
   text	   data	    bss	    dec	    hex	filename
   5376	    100	   1900	   7376	   1cd0	11_systick_delay.elf
Finished building: default.size.stdout
 
12:44:24 **** Incremental Build of configuration Debug for project 11_systick_delay ****
make -j16 all 
arm-none-eabi-size   11_systick_delay.elf 
   text	   data	    bss	    dec	    hex	filename
   5376	    100	   1900	   7376	   1cd0	11_systick_delay.elf
Finished building: default.size.stdout
 
12:46:03 **** Incremental Build of configuration Debug for project 11_systick_delay ****
make -j16 all 
arm-none-eabi-size   11_systick_delay.elf 
   text	   data	    bss	    dec	    hex	filename
   5376	    100	   1900	   7376	   1cd0	11_systick_delay.elf
Finished building: default.size.stdout
 
12:48:06 **** Incremental Build of configuration Debug for project 11_systick_delay ****
make -j16 all 
arm-none-eabi-size   11_systick_delay.elf 
   text	   data	    bss	    dec	    hex	filename
   5376	    100	   1900	   7376	   1cd0	11_systick_delay.elf
Finished building: default.size.stdout
 
12:52:58 **** Incremental Build of configuration Debug for project 11_systick_delay ****
make -j16 all 
arm-none-eabi-size   11_systick_delay.elf 
   text	   data	    bss	    dec	    hex	filename
   5376	    100	   1900	   7376	   1cd0	11_systick_delay.elf
Finished building: default.size.stdout
 
12:53:03 **** Incremental Build of configuration Debug for project 11_systick_delay ****
make -j16 all 
arm-none-eabi-size   11_systick_delay.elf 
   text	   data	    bss	    dec	    hex	filename
   5376	    100	   1900	   7376	   1cd0	11_systick_delay.elf
Finished building: default.size.stdout
 
12:57:40 **** Incremental Build of configuration Debug for project 11_systick_delay ****
make -j16 all 
arm-none-eabi-gcc "../Src/main.c" -mcpu=cortex-m0 -std=gnu11 -g3 -DDEBUG -DSTM32 -DSTM32F0 -DNUCLEO_F091RC -DSTM32F091RCTx -DSTM32F091xC -c -I../Inc -I/home/kaan/cubeideworkspace/chip_headers/CMSIS/Device/ST/STM32F0xx/Include -I/home/kaan/cubeideworkspace/chip_headers/CMSIS/Include -O0 -ffunction-sections -fdata-sections -Wall -fstack-usage -fcyclomatic-complexity -MMD -MP -MF"Src/main.d" -MT"Src/main.o" --specs=nano.specs -mfloat-abi=soft -mthumb -o "Src/main.o"
In file included from ../Src/main.c:3:
../Inc/uart.h:17:13: warning: 'uart_set_baudrate' declared 'static' but never defined [-Wunused-function]
   17 | static void uart_set_baudrate(USART_TypeDef *USARTx, uint32_t PeriphClk, uint32_t BaudRate);
      |             ^~~~~~~~~~~~~~~~~
../Inc/uart.h:19:17: warning: 'compute_uart_bd' declared 'static' but never defined [-Wunused-function]
   19 | static uint16_t compute_uart_bd(uint32_t PeriphClk, uint32_t BaudRate);
      |                 ^~~~~~~~~~~~~~~
arm-none-eabi-gcc -o "11_systick_delay.elf" @"objects.list"   -mcpu=cortex-m0 -T"/home/kaan/cubeideworkspace/11_systick_delay/STM32F091RCTX_FLASH.ld" --specs=nosys.specs -Wl,-Map="11_systick_delay.map" -Wl,--gc-sections -static --specs=nano.specs -mfloat-abi=soft -mthumb -Wl,--start-group -lc -lm -Wl,--end-group
Finished building target: 11_systick_delay.elf
 
arm-none-eabi-size   11_systick_delay.elf 
arm-none-eabi-objdump -h -S  11_systick_delay.elf  > "11_systick_delay.list"
   text	   data	    bss	    dec	    hex	filename
   5380	    100	   1900	   7380	   1cd4	11_systick_delay.elf
Finished building: default.size.stdout
 
Finished building: 11_systick_delay.list
 
12:57:44 **** Incremental Build of configuration Debug for project 11_systick_delay ****
make -j16 all 
arm-none-eabi-size   11_systick_delay.elf 
   text	   data	    bss	    dec	    hex	filename
   5380	    100	   1900	   7380	   1cd4	11_systick_delay.elf
Finished building: default.size.stdout
 
10:42:47 **** Incremental Build of configuration Debug for project 11_systick_delay ****
make -j16 all 
arm-none-eabi-gcc "../Src/systick.c" -mcpu=cortex-m0 -std=gnu11 -g3 -DDEBUG -DSTM32 -DSTM32F0 -DNUCLEO_F091RC -DSTM32F091RCTx -DSTM32F091xC -c -I../Inc -I/home/kaan/cubeideworkspace/chip_headers/CMSIS/Device/ST/STM32F0xx/Include -I/home/kaan/cubeideworkspace/chip_headers/CMSIS/Include -O0 -ffunction-sections -fdata-sections -Wall -fstack-usage -fcyclomatic-complexity -MMD -MP -MF"Src/systick.d" -MT"Src/systick.o" --specs=nano.specs -mfloat-abi=soft -mthumb -o "Src/systick.o"
arm-none-eabi-gcc -o "11_systick_delay.elf" @"objects.list"   -mcpu=cortex-m0 -T"/home/kaan/cubeideworkspace/11_systick_delay/STM32F091RCTX_FLASH.ld" --specs=nosys.specs -Wl,-Map="11_systick_delay.map" -Wl,--gc-sections -static --specs=nano.specs -mfloat-abi=soft -mthumb -Wl,--start-group -lc -lm -Wl,--end-group
Finished building target: 11_systick_delay.elf
 
arm-none-eabi-size   11_systick_delay.elf 
arm-none-eabi-objdump -h -S  11_systick_delay.elf  > "11_systick_delay.list"
   text	   data	    bss	    dec	    hex	filename
   5396	    100	   1900	   7396	   1ce4	11_systick_delay.elf
Finished building: default.size.stdout
 
Finished building: 11_systick_delay.list
 
10:43:00 **** Incremental Build of configuration Debug for project 11_systick_delay ****
make -j16 all 
arm-none-eabi-gcc "../Src/main.c" -mcpu=cortex-m0 -std=gnu11 -g3 -DDEBUG -DSTM32 -DSTM32F0 -DNUCLEO_F091RC -DSTM32F091RCTx -DSTM32F091xC -c -I../Inc -I/home/kaan/cubeideworkspace/chip_headers/CMSIS/Device/ST/STM32F0xx/Include -I/home/kaan/cubeideworkspace/chip_headers/CMSIS/Include -O0 -ffunction-sections -fdata-sections -Wall -fstack-usage -fcyclomatic-complexity -MMD -MP -MF"Src/main.d" -MT"Src/main.o" --specs=nano.specs -mfloat-abi=soft -mthumb -o "Src/main.o"
In file included from ../Src/main.c:3:
../Inc/uart.h:17:13: warning: 'uart_set_baudrate' declared 'static' but never defined [-Wunused-function]
   17 | static void uart_set_baudrate(USART_TypeDef *USARTx, uint32_t PeriphClk, uint32_t BaudRate);
      |             ^~~~~~~~~~~~~~~~~
../Inc/uart.h:19:17: warning: 'compute_uart_bd' declared 'static' but never defined [-Wunused-function]
   19 | static uint16_t compute_uart_bd(uint32_t PeriphClk, uint32_t BaudRate);
      |                 ^~~~~~~~~~~~~~~
arm-none-eabi-gcc -o "11_systick_delay.elf" @"objects.list"   -mcpu=cortex-m0 -T"/home/kaan/cubeideworkspace/11_systick_delay/STM32F091RCTX_FLASH.ld" --specs=nosys.specs -Wl,-Map="11_systick_delay.map" -Wl,--gc-sections -static --specs=nano.specs -mfloat-abi=soft -mthumb -Wl,--start-group -lc -lm -Wl,--end-group
Finished building target: 11_systick_delay.elf
 
arm-none-eabi-size   11_systick_delay.elf 
arm-none-eabi-objdump -h -S  11_systick_delay.elf  > "11_systick_delay.list"
   text	   data	    bss	    dec	    hex	filename
   5392	    100	   1900	   7392	   1ce0	11_systick_delay.elf
Finished building: default.size.stdout
 
Finished building: 11_systick_delay.list
 
10:43:03 **** Incremental Build of configuration Debug for project 11_systick_delay ****
make -j16 all 
arm-none-eabi-size   11_systick_delay.elf 
   text	   data	    bss	    dec	    hex	filename
   5392	    100	   1900	   7392	   1ce0	11_systick_delay.elf
Finished building: default.size.stdout
 
17:07:15 **** Build of configuration Debug for project 12_timers ****
make -j16 all 
arm-none-eabi-gcc "../Src/adc.c" -mcpu=cortex-m0 -std=gnu11 -g3 -DDEBUG -DSTM32 -DSTM32F0 -DNUCLEO_F091RC -DSTM32F091RCTx -DSTM32F091xC -c -I../Inc -I/home/kaan/cubeideworkspace/chip_headers/CMSIS/Device/ST/STM32F0xx/Include -I/home/kaan/cubeideworkspace/chip_headers/CMSIS/Include -O0 -ffunction-sections -fdata-sections -Wall -fstack-usage -fcyclomatic-complexity -MMD -MP -MF"Src/adc.d" -MT"Src/adc.o" --specs=nano.specs -mfloat-abi=soft -mthumb -o "Src/adc.o"
arm-none-eabi-gcc "../Src/main.c" -mcpu=cortex-m0 -std=gnu11 -g3 -DDEBUG -DSTM32 -DSTM32F0 -DNUCLEO_F091RC -DSTM32F091RCTx -DSTM32F091xC -c -I../Inc -I/home/kaan/cubeideworkspace/chip_headers/CMSIS/Device/ST/STM32F0xx/Include -I/home/kaan/cubeideworkspace/chip_headers/CMSIS/Include -O0 -ffunction-sections -fdata-sections -Wall -fstack-usage -fcyclomatic-complexity -MMD -MP -MF"Src/main.d" -MT"Src/main.o" --specs=nano.specs -mfloat-abi=soft -mthumb -o "Src/main.o"
arm-none-eabi-gcc "../Src/syscalls.c" -mcpu=cortex-m0 -std=gnu11 -g3 -DDEBUG -DSTM32 -DSTM32F0 -DNUCLEO_F091RC -DSTM32F091RCTx -DSTM32F091xC -c -I../Inc -I/home/kaan/cubeideworkspace/chip_headers/CMSIS/Device/ST/STM32F0xx/Include -I/home/kaan/cubeideworkspace/chip_headers/CMSIS/Include -O0 -ffunction-sections -fdata-sections -Wall -fstack-usage -fcyclomatic-complexity -MMD -MP -MF"Src/syscalls.d" -MT"Src/syscalls.o" --specs=nano.specs -mfloat-abi=soft -mthumb -o "Src/syscalls.o"
arm-none-eabi-gcc "../Src/sysmem.c" -mcpu=cortex-m0 -std=gnu11 -g3 -DDEBUG -DSTM32 -DSTM32F0 -DNUCLEO_F091RC -DSTM32F091RCTx -DSTM32F091xC -c -I../Inc -I/home/kaan/cubeideworkspace/chip_headers/CMSIS/Device/ST/STM32F0xx/Include -I/home/kaan/cubeideworkspace/chip_headers/CMSIS/Include -O0 -ffunction-sections -fdata-sections -Wall -fstack-usage -fcyclomatic-complexity -MMD -MP -MF"Src/sysmem.d" -MT"Src/sysmem.o" --specs=nano.specs -mfloat-abi=soft -mthumb -o "Src/sysmem.o"
arm-none-eabi-gcc "../Src/systick.c" -mcpu=cortex-m0 -std=gnu11 -g3 -DDEBUG -DSTM32 -DSTM32F0 -DNUCLEO_F091RC -DSTM32F091RCTx -DSTM32F091xC -c -I../Inc -I/home/kaan/cubeideworkspace/chip_headers/CMSIS/Device/ST/STM32F0xx/Include -I/home/kaan/cubeideworkspace/chip_headers/CMSIS/Include -O0 -ffunction-sections -fdata-sections -Wall -fstack-usage -fcyclomatic-complexity -MMD -MP -MF"Src/systick.d" -MT"Src/systick.o" --specs=nano.specs -mfloat-abi=soft -mthumb -o "Src/systick.o"
arm-none-eabi-gcc "../Src/tim.c" -mcpu=cortex-m0 -std=gnu11 -g3 -DDEBUG -DSTM32 -DSTM32F0 -DNUCLEO_F091RC -DSTM32F091RCTx -DSTM32F091xC -c -I../Inc -I/home/kaan/cubeideworkspace/chip_headers/CMSIS/Device/ST/STM32F0xx/Include -I/home/kaan/cubeideworkspace/chip_headers/CMSIS/Include -O0 -ffunction-sections -fdata-sections -Wall -fstack-usage -fcyclomatic-complexity -MMD -MP -MF"Src/tim.d" -MT"Src/tim.o" --specs=nano.specs -mfloat-abi=soft -mthumb -o "Src/tim.o"
arm-none-eabi-gcc "../Src/uart.c" -mcpu=cortex-m0 -std=gnu11 -g3 -DDEBUG -DSTM32 -DSTM32F0 -DNUCLEO_F091RC -DSTM32F091RCTx -DSTM32F091xC -c -I../Inc -I/home/kaan/cubeideworkspace/chip_headers/CMSIS/Device/ST/STM32F0xx/Include -I/home/kaan/cubeideworkspace/chip_headers/CMSIS/Include -O0 -ffunction-sections -fdata-sections -Wall -fstack-usage -fcyclomatic-complexity -MMD -MP -MF"Src/uart.d" -MT"Src/uart.o" --specs=nano.specs -mfloat-abi=soft -mthumb -o "Src/uart.o"
../Src/systick.c: In function 'systickDelayMs':
../Src/systick.c:39:38: warning: suggest parentheses around comparison in operand of '&' [-Wparentheses]
   39 |                 while((SysTick->CTRL & CTRL_COUNTFLAG == 0)){}
      |                                      ^
In file included from ../Src/main.c:3:
../Inc/uart.h:17:13: warning: 'uart_set_baudrate' declared 'static' but never defined [-Wunused-function]
   17 | static void uart_set_baudrate(USART_TypeDef *USARTx, uint32_t PeriphClk, uint32_t BaudRate);
      |             ^~~~~~~~~~~~~~~~~
../Inc/uart.h:19:17: warning: 'compute_uart_bd' declared 'static' but never defined [-Wunused-function]
   19 | static uint16_t compute_uart_bd(uint32_t PeriphClk, uint32_t BaudRate);
      |                 ^~~~~~~~~~~~~~~
arm-none-eabi-gcc -o "12_timers.elf" @"objects.list"   -mcpu=cortex-m0 -T"/home/kaan/cubeideworkspace/12_timers/STM32F091RCTX_FLASH.ld" --specs=nosys.specs -Wl,-Map="12_timers.map" -Wl,--gc-sections -static --specs=nano.specs -mfloat-abi=soft -mthumb -Wl,--start-group -lc -lm -Wl,--end-group
Finished building target: 12_timers.elf
 
arm-none-eabi-size   12_timers.elf 
arm-none-eabi-objdump -h -S  12_timers.elf  > "12_timers.list"
   text	   data	    bss	    dec	    hex	filename
   5380	    100	   1900	   7380	   1cd4	12_timers.elf
Finished building: default.size.stdout
 
Finished building: 12_timers.list
 
17:15:45 **** Incremental Build of configuration Debug for project 12_timers ****
make -j16 all 
arm-none-eabi-gcc "../Src/main.c" -mcpu=cortex-m0 -std=gnu11 -g3 -DDEBUG -DSTM32 -DSTM32F0 -DNUCLEO_F091RC -DSTM32F091RCTx -DSTM32F091xC -c -I../Inc -I/home/kaan/cubeideworkspace/chip_headers/CMSIS/Device/ST/STM32F0xx/Include -I/home/kaan/cubeideworkspace/chip_headers/CMSIS/Include -O0 -ffunction-sections -fdata-sections -Wall -fstack-usage -fcyclomatic-complexity -MMD -MP -MF"Src/main.d" -MT"Src/main.o" --specs=nano.specs -mfloat-abi=soft -mthumb -o "Src/main.o"
In file included from ../Src/main.c:3:
../Inc/uart.h:17:13: warning: 'uart_set_baudrate' declared 'static' but never defined [-Wunused-function]
   17 | static void uart_set_baudrate(USART_TypeDef *USARTx, uint32_t PeriphClk, uint32_t BaudRate);
      |             ^~~~~~~~~~~~~~~~~
../Inc/uart.h:19:17: warning: 'compute_uart_bd' declared 'static' but never defined [-Wunused-function]
   19 | static uint16_t compute_uart_bd(uint32_t PeriphClk, uint32_t BaudRate);
      |                 ^~~~~~~~~~~~~~~
arm-none-eabi-gcc -o "12_timers.elf" @"objects.list"   -mcpu=cortex-m0 -T"/home/kaan/cubeideworkspace/12_timers/STM32F091RCTX_FLASH.ld" --specs=nosys.specs -Wl,-Map="12_timers.map" -Wl,--gc-sections -static --specs=nano.specs -mfloat-abi=soft -mthumb -Wl,--start-group -lc -lm -Wl,--end-group
Finished building target: 12_timers.elf
 
arm-none-eabi-size   12_timers.elf 
arm-none-eabi-objdump -h -S  12_timers.elf  > "12_timers.list"
   text	   data	    bss	    dec	    hex	filename
   5396	    100	   1900	   7396	   1ce4	12_timers.elf
Finished building: default.size.stdout
 
Finished building: 12_timers.list
 
17:15:54 **** Incremental Build of configuration Debug for project 12_timers ****
make -j16 all 
arm-none-eabi-size   12_timers.elf 
   text	   data	    bss	    dec	    hex	filename
   5396	    100	   1900	   7396	   1ce4	12_timers.elf
Finished building: default.size.stdout
 
19:24:27 **** Build of configuration Debug for project 13_output_compare ****
make -j16 all 
arm-none-eabi-gcc "../Src/main.c" -mcpu=cortex-m0 -std=gnu11 -g3 -DDEBUG -DSTM32 -DSTM32F0 -DNUCLEO_F091RC -DSTM32F091RCTx -DSTM32F091xC -c -I../Inc -I/home/kaan/cubeideworkspace/chip_headers/CMSIS/Device/ST/STM32F0xx/Include -I/home/kaan/cubeideworkspace/chip_headers/CMSIS/Include -O0 -ffunction-sections -fdata-sections -Wall -fstack-usage -fcyclomatic-complexity -MMD -MP -MF"Src/main.d" -MT"Src/main.o" --specs=nano.specs -mfloat-abi=soft -mthumb -o "Src/main.o"
arm-none-eabi-gcc "../Src/tim.c" -mcpu=cortex-m0 -std=gnu11 -g3 -DDEBUG -DSTM32 -DSTM32F0 -DNUCLEO_F091RC -DSTM32F091RCTx -DSTM32F091xC -c -I../Inc -I/home/kaan/cubeideworkspace/chip_headers/CMSIS/Device/ST/STM32F0xx/Include -I/home/kaan/cubeideworkspace/chip_headers/CMSIS/Include -O0 -ffunction-sections -fdata-sections -Wall -fstack-usage -fcyclomatic-complexity -MMD -MP -MF"Src/tim.d" -MT"Src/tim.o" --specs=nano.specs -mfloat-abi=soft -mthumb -o "Src/tim.o"
In file included from ../Src/main.c:3:
../Inc/uart.h:17:13: warning: 'uart_set_baudrate' declared 'static' but never defined [-Wunused-function]
   17 | static void uart_set_baudrate(USART_TypeDef *USARTx, uint32_t PeriphClk, uint32_t BaudRate);
      |             ^~~~~~~~~~~~~~~~~
../Inc/uart.h:19:17: warning: 'compute_uart_bd' declared 'static' but never defined [-Wunused-function]
   19 | static uint16_t compute_uart_bd(uint32_t PeriphClk, uint32_t BaudRate);
      |                 ^~~~~~~~~~~~~~~
arm-none-eabi-gcc -o "13_output_compare.elf" @"objects.list"   -mcpu=cortex-m0 -T"/home/kaan/cubeideworkspace/13_output_compare/STM32F091RCTX_FLASH.ld" --specs=nosys.specs -Wl,-Map="13_output_compare.map" -Wl,--gc-sections -static --specs=nano.specs -mfloat-abi=soft -mthumb -Wl,--start-group -lc -lm -Wl,--end-group
Finished building target: 13_output_compare.elf
 
arm-none-eabi-size   13_output_compare.elf 
arm-none-eabi-objdump -h -S  13_output_compare.elf  > "13_output_compare.list"
   text	   data	    bss	    dec	    hex	filename
    600	      8	   1568	   2176	    880	13_output_compare.elf
Finished building: default.size.stdout
 
Finished building: 13_output_compare.list
 
19:24:47 **** Incremental Build of configuration Debug for project 13_output_compare ****
make -j16 all 
arm-none-eabi-size   13_output_compare.elf 
   text	   data	    bss	    dec	    hex	filename
    600	      8	   1568	   2176	    880	13_output_compare.elf
Finished building: default.size.stdout
 
22:20:43 **** Build of configuration Debug for project 14_input_capture ****
make -j16 all 
arm-none-eabi-gcc "../Src/adc.c" -mcpu=cortex-m0 -std=gnu11 -g3 -DDEBUG -DSTM32 -DSTM32F0 -DNUCLEO_F091RC -DSTM32F091RCTx -DSTM32F091xC -c -I../Inc -I/home/kaan/cubeideworkspace/chip_headers/CMSIS/Device/ST/STM32F0xx/Include -I/home/kaan/cubeideworkspace/chip_headers/CMSIS/Include -O0 -ffunction-sections -fdata-sections -Wall -fstack-usage -fcyclomatic-complexity -MMD -MP -MF"Src/adc.d" -MT"Src/adc.o" --specs=nano.specs -mfloat-abi=soft -mthumb -o "Src/adc.o"
arm-none-eabi-gcc "../Src/main.c" -mcpu=cortex-m0 -std=gnu11 -g3 -DDEBUG -DSTM32 -DSTM32F0 -DNUCLEO_F091RC -DSTM32F091RCTx -DSTM32F091xC -c -I../Inc -I/home/kaan/cubeideworkspace/chip_headers/CMSIS/Device/ST/STM32F0xx/Include -I/home/kaan/cubeideworkspace/chip_headers/CMSIS/Include -O0 -ffunction-sections -fdata-sections -Wall -fstack-usage -fcyclomatic-complexity -MMD -MP -MF"Src/main.d" -MT"Src/main.o" --specs=nano.specs -mfloat-abi=soft -mthumb -o "Src/main.o"
arm-none-eabi-gcc "../Src/systick.c" -mcpu=cortex-m0 -std=gnu11 -g3 -DDEBUG -DSTM32 -DSTM32F0 -DNUCLEO_F091RC -DSTM32F091RCTx -DSTM32F091xC -c -I../Inc -I/home/kaan/cubeideworkspace/chip_headers/CMSIS/Device/ST/STM32F0xx/Include -I/home/kaan/cubeideworkspace/chip_headers/CMSIS/Include -O0 -ffunction-sections -fdata-sections -Wall -fstack-usage -fcyclomatic-complexity -MMD -MP -MF"Src/systick.d" -MT"Src/systick.o" --specs=nano.specs -mfloat-abi=soft -mthumb -o "Src/systick.o"
arm-none-eabi-gcc "../Src/tim.c" -mcpu=cortex-m0 -std=gnu11 -g3 -DDEBUG -DSTM32 -DSTM32F0 -DNUCLEO_F091RC -DSTM32F091RCTx -DSTM32F091xC -c -I../Inc -I/home/kaan/cubeideworkspace/chip_headers/CMSIS/Device/ST/STM32F0xx/Include -I/home/kaan/cubeideworkspace/chip_headers/CMSIS/Include -O0 -ffunction-sections -fdata-sections -Wall -fstack-usage -fcyclomatic-complexity -MMD -MP -MF"Src/tim.d" -MT"Src/tim.o" --specs=nano.specs -mfloat-abi=soft -mthumb -o "Src/tim.o"
arm-none-eabi-gcc "../Src/uart.c" -mcpu=cortex-m0 -std=gnu11 -g3 -DDEBUG -DSTM32 -DSTM32F0 -DNUCLEO_F091RC -DSTM32F091RCTx -DSTM32F091xC -c -I../Inc -I/home/kaan/cubeideworkspace/chip_headers/CMSIS/Device/ST/STM32F0xx/Include -I/home/kaan/cubeideworkspace/chip_headers/CMSIS/Include -O0 -ffunction-sections -fdata-sections -Wall -fstack-usage -fcyclomatic-complexity -MMD -MP -MF"Src/uart.d" -MT"Src/uart.o" --specs=nano.specs -mfloat-abi=soft -mthumb -o "Src/uart.o"
../Src/systick.c: In function 'systickDelayMs':
../Src/systick.c:39:38: warning: suggest parentheses around comparison in operand of '&' [-Wparentheses]
   39 |                 while((SysTick->CTRL & CTRL_COUNTFLAG == 0)){}
      |                                      ^
In file included from /home/kaan/cubeideworkspace/chip_headers/CMSIS/Device/ST/STM32F0xx/Include/stm32f0xx.h:153,
                 from ../Src/tim.c:8:
../Src/tim.c: In function 'tim2_1hz_init':
/home/kaan/cubeideworkspace/chip_headers/CMSIS/Device/ST/STM32F0xx/Include/stm32f091xc.h:691:33: error: expected expression before ')' token
  691 | #define TIM2                (( *) TIM2_BASE)
      |                                 ^
../Src/tim.c:36:9: note: in expansion of macro 'TIM2'
   36 |         TIM2->PSC = 800 - 1;  // ---------------> 800 0000 / 800 = 10 000
      |         ^~~~
/home/kaan/cubeideworkspace/chip_headers/CMSIS/Device/ST/STM32F0xx/Include/stm32f091xc.h:691:33: error: expected expression before ')' token
  691 | #define TIM2                (( *) TIM2_BASE)
      |                                 ^
../Src/tim.c:40:9: note: in expansion of macro 'TIM2'
   40 |         TIM2->ARR = 10000 - 1;  // 10 000 / 10 000 = 1Mhz
      |         ^~~~
/home/kaan/cubeideworkspace/chip_headers/CMSIS/Device/ST/STM32F0xx/Include/stm32f091xc.h:691:33: error: expected expression before ')' token
  691 | #define TIM2                (( *) TIM2_BASE)
      |                                 ^
../Src/tim.c:42:9: note: in expansion of macro 'TIM2'
   42 |         TIM2->CNT = 0;
      |         ^~~~
/home/kaan/cubeideworkspace/chip_headers/CMSIS/Device/ST/STM32F0xx/Include/stm32f091xc.h:691:33: error: expected expression before ')' token
  691 | #define TIM2                (( *) TIM2_BASE)
      |                                 ^
../Src/tim.c:45:9: note: in expansion of macro 'TIM2'
   45 |         TIM2->CR1 = CR1_EN;
      |         ^~~~
../Src/tim.c: In function 'tim2_pa5_output_compare':
/home/kaan/cubeideworkspace/chip_headers/CMSIS/Device/ST/STM32F0xx/Include/stm32f091xc.h:691:33: error: expected expression before ')' token
  691 | #define TIM2                (( *) TIM2_BASE)
      |                                 ^
../Src/tim.c:70:9: note: in expansion of macro 'TIM2'
   70 |         TIM2->PSC = 800 - 1;  // ---------------> 800 0000 / 800 = 10 000
      |         ^~~~
/home/kaan/cubeideworkspace/chip_headers/CMSIS/Device/ST/STM32F0xx/Include/stm32f091xc.h:691:33: error: expected expression before ')' token
  691 | #define TIM2                (( *) TIM2_BASE)
      |                                 ^
../Src/tim.c:74:9: note: in expansion of macro 'TIM2'
   74 |         TIM2->ARR = 10000 - 1;  // 10 000 / 10 000 = 1Mhz
      |         ^~~~
/home/kaan/cubeideworkspace/chip_headers/CMSIS/Device/ST/STM32F0xx/Include/stm32f091xc.h:691:33: error: expected expression before ')' token
  691 | #define TIM2                (( *) TIM2_BASE)
      |                                 ^
../Src/tim.c:77:9: note: in expansion of macro 'TIM2'
   77 |         TIM2->CCMR1 = OC_TOGGLE;
      |         ^~~~
/home/kaan/cubeideworkspace/chip_headers/CMSIS/Device/ST/STM32F0xx/Include/stm32f091xc.h:691:33: error: expected expression before ')' token
  691 | #define TIM2                (( *) TIM2_BASE)
      |                                 ^
../Src/tim.c:82:9: note: in expansion of macro 'TIM2'
   82 |         TIM2->CCER = CCER_CC1E;
      |         ^~~~
/home/kaan/cubeideworkspace/chip_headers/CMSIS/Device/ST/STM32F0xx/Include/stm32f091xc.h:691:33: error: expected expression before ')' token
  691 | #define TIM2                (( *) TIM2_BASE)
      |                                 ^
../Src/tim.c:86:9: note: in expansion of macro 'TIM2'
   86 |         TIM2->CNT = 0;
      |         ^~~~
/home/kaan/cubeideworkspace/chip_headers/CMSIS/Device/ST/STM32F0xx/Include/stm32f091xc.h:691:33: error: expected expression before ')' token
  691 | #define TIM2                (( *) TIM2_BASE)
      |                                 ^
../Src/tim.c:89:9: note: in expansion of macro 'TIM2'
   89 |         TIM2->CR1 = CR1_EN;
      |         ^~~~
../Src/tim.c: In function 'tim3_pa6_input_capture':
/home/kaan/cubeideworkspace/chip_headers/CMSIS/Device/ST/STM32F0xx/Include/stm32f091xc.h:692:33: error: expected expression before ')' token
  692 | #define TIM3                (( *) TIM3_BASE)
      |                                 ^
../Src/tim.c:116:9: note: in expansion of macro 'TIM3'
  116 |         TIM3->PSC = 800 - 1;
      |         ^~~~
/home/kaan/cubeideworkspace/chip_headers/CMSIS/Device/ST/STM32F0xx/Include/stm32f091xc.h:692:33: error: expected expression before ')' token
  692 | #define TIM3                (( *) TIM3_BASE)
      |                                 ^
../Src/tim.c:119:9: note: in expansion of macro 'TIM3'
  119 |         TIM3->CCMR1 = CCMR_CCIS;
      |         ^~~~
/home/kaan/cubeideworkspace/chip_headers/CMSIS/Device/ST/STM32F0xx/Include/stm32f091xc.h:692:33: error: expected expression before ')' token
  692 | #define TIM3                (( *) TIM3_BASE)
      |                                 ^
../Src/tim.c:123:9: note: in expansion of macro 'TIM3'
  123 |         TIM3->CCER = CCER_CC1E;
      |         ^~~~
make: *** [Src/subdir.mk:37: Src/tim.o] Error 1
make: *** Waiting for unfinished jobs....
../Src/main.c: In function 'main':
../Src/main.c:21:1: warning: implicit declaration of function 'tim3_pa6_input_capture' [-Wimplicit-function-declaration]
   21 | tim3_pa6_input_capture();
      | ^~~~~~~~~~~~~~~~~~~~~~
In file included from /home/kaan/cubeideworkspace/chip_headers/CMSIS/Device/ST/STM32F0xx/Include/stm32f0xx.h:153,
                 from ../Src/main.c:2:
/home/kaan/cubeideworkspace/chip_headers/CMSIS/Device/ST/STM32F0xx/Include/stm32f091xc.h:692:33: error: expected expression before ')' token
  692 | #define TIM3                (( *) TIM3_BASE)
      |                                 ^
../Src/main.c:28:17: note: in expansion of macro 'TIM3'
   28 |         while(!(TIM3->SR & SR_CC1IF)){} // 0000 0000 0000 0000 0000 0000 0000 00x0 // if it's set, we get out of the loop
      |                 ^~~~
/home/kaan/cubeideworkspace/chip_headers/CMSIS/Device/ST/STM32F0xx/Include/stm32f091xc.h:692:33: error: expected expression before ')' token
  692 | #define TIM3                (( *) TIM3_BASE)
      |                                 ^
../Src/main.c:34:21: note: in expansion of macro 'TIM3'
   34 |         timestamp = TIM3->CCR1;
      |                     ^~~~
In file included from ../Src/main.c:3:
../Src/main.c: At top level:
../Inc/uart.h:17:13: warning: 'uart_set_baudrate' declared 'static' but never defined [-Wunused-function]
   17 | static void uart_set_baudrate(USART_TypeDef *USARTx, uint32_t PeriphClk, uint32_t BaudRate);
      |             ^~~~~~~~~~~~~~~~~
../Inc/uart.h:19:17: warning: 'compute_uart_bd' declared 'static' but never defined [-Wunused-function]
   19 | static uint16_t compute_uart_bd(uint32_t PeriphClk, uint32_t BaudRate);
      |                 ^~~~~~~~~~~~~~~
make: *** [Src/subdir.mk:37: Src/main.o] Error 1
"make -j16 all" terminated with exit code 2. Build might be incomplete.
22:21:37 **** Incremental Build of configuration Debug for project 14_input_capture ****
make -j16 all 
arm-none-eabi-gcc "../Src/main.c" -mcpu=cortex-m0 -std=gnu11 -g3 -DDEBUG -DSTM32 -DSTM32F0 -DNUCLEO_F091RC -DSTM32F091RCTx -DSTM32F091xC -c -I../Inc -I/home/kaan/cubeideworkspace/chip_headers/CMSIS/Device/ST/STM32F0xx/Include -I/home/kaan/cubeideworkspace/chip_headers/CMSIS/Include -O0 -ffunction-sections -fdata-sections -Wall -fstack-usage -fcyclomatic-complexity -MMD -MP -MF"Src/main.d" -MT"Src/main.o" --specs=nano.specs -mfloat-abi=soft -mthumb -o "Src/main.o"
arm-none-eabi-gcc "../Src/tim.c" -mcpu=cortex-m0 -std=gnu11 -g3 -DDEBUG -DSTM32 -DSTM32F0 -DNUCLEO_F091RC -DSTM32F091RCTx -DSTM32F091xC -c -I../Inc -I/home/kaan/cubeideworkspace/chip_headers/CMSIS/Device/ST/STM32F0xx/Include -I/home/kaan/cubeideworkspace/chip_headers/CMSIS/Include -O0 -ffunction-sections -fdata-sections -Wall -fstack-usage -fcyclomatic-complexity -MMD -MP -MF"Src/tim.d" -MT"Src/tim.o" --specs=nano.specs -mfloat-abi=soft -mthumb -o "Src/tim.o"
In file included from /home/kaan/cubeideworkspace/chip_headers/CMSIS/Device/ST/STM32F0xx/Include/stm32f0xx.h:153,
                 from ../Src/tim.c:8:
../Src/tim.c: In function 'tim2_1hz_init':
/home/kaan/cubeideworkspace/chip_headers/CMSIS/Device/ST/STM32F0xx/Include/stm32f091xc.h:691:33: error: expected expression before ')' token
  691 | #define TIM2                (( *) TIM2_BASE)
      |                                 ^
../Src/tim.c:36:9: note: in expansion of macro 'TIM2'
   36 |         TIM2->PSC = 800 - 1;  // ---------------> 800 0000 / 800 = 10 000
      |         ^~~~
/home/kaan/cubeideworkspace/chip_headers/CMSIS/Device/ST/STM32F0xx/Include/stm32f091xc.h:691:33: error: expected expression before ')' token
  691 | #define TIM2                (( *) TIM2_BASE)
      |                                 ^
../Src/tim.c:40:9: note: in expansion of macro 'TIM2'
   40 |         TIM2->ARR = 10000 - 1;  // 10 000 / 10 000 = 1Mhz
      |         ^~~~
/home/kaan/cubeideworkspace/chip_headers/CMSIS/Device/ST/STM32F0xx/Include/stm32f091xc.h:691:33: error: expected expression before ')' token
  691 | #define TIM2                (( *) TIM2_BASE)
      |                                 ^
../Src/tim.c:42:9: note: in expansion of macro 'TIM2'
   42 |         TIM2->CNT = 0;
      |         ^~~~
/home/kaan/cubeideworkspace/chip_headers/CMSIS/Device/ST/STM32F0xx/Include/stm32f091xc.h:691:33: error: expected expression before ')' token
  691 | #define TIM2                (( *) TIM2_BASE)
      |                                 ^
../Src/tim.c:45:9: note: in expansion of macro 'TIM2'
   45 |         TIM2->CR1 = CR1_EN;
      |         ^~~~
../Src/tim.c: In function 'tim2_pa5_output_compare':
/home/kaan/cubeideworkspace/chip_headers/CMSIS/Device/ST/STM32F0xx/Include/stm32f091xc.h:691:33: error: expected expression before ')' token
  691 | #define TIM2                (( *) TIM2_BASE)
      |                                 ^
../Src/tim.c:70:9: note: in expansion of macro 'TIM2'
   70 |         TIM2->PSC = 800 - 1;  // ---------------> 800 0000 / 800 = 10 000
      |         ^~~~
/home/kaan/cubeideworkspace/chip_headers/CMSIS/Device/ST/STM32F0xx/Include/stm32f091xc.h:691:33: error: expected expression before ')' token
  691 | #define TIM2                (( *) TIM2_BASE)
      |                                 ^
../Src/tim.c:74:9: note: in expansion of macro 'TIM2'
   74 |         TIM2->ARR = 10000 - 1;  // 10 000 / 10 000 = 1Mhz
      |         ^~~~
/home/kaan/cubeideworkspace/chip_headers/CMSIS/Device/ST/STM32F0xx/Include/stm32f091xc.h:691:33: error: expected expression before ')' token
  691 | #define TIM2                (( *) TIM2_BASE)
      |                                 ^
../Src/tim.c:77:9: note: in expansion of macro 'TIM2'
   77 |         TIM2->CCMR1 = OC_TOGGLE;
      |         ^~~~
/home/kaan/cubeideworkspace/chip_headers/CMSIS/Device/ST/STM32F0xx/Include/stm32f091xc.h:691:33: error: expected expression before ')' token
  691 | #define TIM2                (( *) TIM2_BASE)
      |                                 ^
../Src/tim.c:82:9: note: in expansion of macro 'TIM2'
   82 |         TIM2->CCER = CCER_CC1E;
      |         ^~~~
/home/kaan/cubeideworkspace/chip_headers/CMSIS/Device/ST/STM32F0xx/Include/stm32f091xc.h:691:33: error: expected expression before ')' token
  691 | #define TIM2                (( *) TIM2_BASE)
      |                                 ^
../Src/tim.c:86:9: note: in expansion of macro 'TIM2'
   86 |         TIM2->CNT = 0;
      |         ^~~~
/home/kaan/cubeideworkspace/chip_headers/CMSIS/Device/ST/STM32F0xx/Include/stm32f091xc.h:691:33: error: expected expression before ')' token
  691 | #define TIM2                (( *) TIM2_BASE)
      |                                 ^
../Src/tim.c:89:9: note: in expansion of macro 'TIM2'
   89 |         TIM2->CR1 = CR1_EN;
      |         ^~~~
../Src/tim.c: In function 'tim3_pa6_input_capture':
/home/kaan/cubeideworkspace/chip_headers/CMSIS/Device/ST/STM32F0xx/Include/stm32f091xc.h:692:33: error: expected expression before ')' token
  692 | #define TIM3                (( *) TIM3_BASE)
      |                                 ^
../Src/tim.c:116:9: note: in expansion of macro 'TIM3'
  116 |         TIM3->PSC = 800 - 1;
      |         ^~~~
/home/kaan/cubeideworkspace/chip_headers/CMSIS/Device/ST/STM32F0xx/Include/stm32f091xc.h:692:33: error: expected expression before ')' token
  692 | #define TIM3                (( *) TIM3_BASE)
      |                                 ^
../Src/tim.c:119:9: note: in expansion of macro 'TIM3'
  119 |         TIM3->CCMR1 = CCMR_CCIS;
      |         ^~~~
/home/kaan/cubeideworkspace/chip_headers/CMSIS/Device/ST/STM32F0xx/Include/stm32f091xc.h:692:33: error: expected expression before ')' token
  692 | #define TIM3                (( *) TIM3_BASE)
      |                                 ^
../Src/tim.c:123:9: note: in expansion of macro 'TIM3'
  123 |         TIM3->CCER = CCER_CC1E;
      |         ^~~~
make: *** [Src/subdir.mk:37: Src/tim.o] Error 1
make: *** Waiting for unfinished jobs....
../Src/main.c: In function 'main':
../Src/main.c:21:1: warning: implicit declaration of function 'tim3_pa6_input_capture' [-Wimplicit-function-declaration]
   21 | tim3_pa6_input_capture();
      | ^~~~~~~~~~~~~~~~~~~~~~
In file included from /home/kaan/cubeideworkspace/chip_headers/CMSIS/Device/ST/STM32F0xx/Include/stm32f0xx.h:153,
                 from ../Src/main.c:2:
/home/kaan/cubeideworkspace/chip_headers/CMSIS/Device/ST/STM32F0xx/Include/stm32f091xc.h:692:33: error: expected expression before ')' token
  692 | #define TIM3                (( *) TIM3_BASE)
      |                                 ^
../Src/main.c:28:17: note: in expansion of macro 'TIM3'
   28 |         while(!(TIM3->SR & SR_CC1IF)){} // 0000 0000 0000 0000 0000 0000 0000 00x0 // if it's set, we get out of the loop
      |                 ^~~~
/home/kaan/cubeideworkspace/chip_headers/CMSIS/Device/ST/STM32F0xx/Include/stm32f091xc.h:692:33: error: expected expression before ')' token
  692 | #define TIM3                (( *) TIM3_BASE)
      |                                 ^
../Src/main.c:34:21: note: in expansion of macro 'TIM3'
   34 |         timestamp = TIM3->CCR1;
      |                     ^~~~
In file included from ../Src/main.c:3:
../Src/main.c: At top level:
../Inc/uart.h:17:13: warning: 'uart_set_baudrate' declared 'static' but never defined [-Wunused-function]
   17 | static void uart_set_baudrate(USART_TypeDef *USARTx, uint32_t PeriphClk, uint32_t BaudRate);
      |             ^~~~~~~~~~~~~~~~~
../Inc/uart.h:19:17: warning: 'compute_uart_bd' declared 'static' but never defined [-Wunused-function]
   19 | static uint16_t compute_uart_bd(uint32_t PeriphClk, uint32_t BaudRate);
      |                 ^~~~~~~~~~~~~~~
make: *** [Src/subdir.mk:37: Src/main.o] Error 1
"make -j16 all" terminated with exit code 2. Build might be incomplete.
22:22:45 **** Incremental Build of configuration Debug for project 14_input_capture ****
make -j16 all 
arm-none-eabi-gcc "../Src/main.c" -mcpu=cortex-m0 -std=gnu11 -g3 -DDEBUG -DSTM32 -DSTM32F0 -DNUCLEO_F091RC -DSTM32F091RCTx -DSTM32F091xC -c -I../Inc -I/home/kaan/cubeideworkspace/chip_headers/CMSIS/Device/ST/STM32F0xx/Include -I/home/kaan/cubeideworkspace/chip_headers/CMSIS/Include -O0 -ffunction-sections -fdata-sections -Wall -fstack-usage -fcyclomatic-complexity -MMD -MP -MF"Src/main.d" -MT"Src/main.o" --specs=nano.specs -mfloat-abi=soft -mthumb -o "Src/main.o"
arm-none-eabi-gcc "../Src/tim.c" -mcpu=cortex-m0 -std=gnu11 -g3 -DDEBUG -DSTM32 -DSTM32F0 -DNUCLEO_F091RC -DSTM32F091RCTx -DSTM32F091xC -c -I../Inc -I/home/kaan/cubeideworkspace/chip_headers/CMSIS/Device/ST/STM32F0xx/Include -I/home/kaan/cubeideworkspace/chip_headers/CMSIS/Include -O0 -ffunction-sections -fdata-sections -Wall -fstack-usage -fcyclomatic-complexity -MMD -MP -MF"Src/tim.d" -MT"Src/tim.o" --specs=nano.specs -mfloat-abi=soft -mthumb -o "Src/tim.o"
In file included from /home/kaan/cubeideworkspace/chip_headers/CMSIS/Device/ST/STM32F0xx/Include/stm32f0xx.h:153,
                 from ../Src/tim.c:8:
../Src/tim.c: In function 'tim2_1hz_init':
/home/kaan/cubeideworkspace/chip_headers/CMSIS/Device/ST/STM32F0xx/Include/stm32f091xc.h:691:33: error: expected expression before ')' token
  691 | #define TIM2                (( *) TIM2_BASE)
      |                                 ^
../Src/tim.c:36:9: note: in expansion of macro 'TIM2'
   36 |         TIM2->PSC = 800 - 1;  // ---------------> 800 0000 / 800 = 10 000
      |         ^~~~
/home/kaan/cubeideworkspace/chip_headers/CMSIS/Device/ST/STM32F0xx/Include/stm32f091xc.h:691:33: error: expected expression before ')' token
  691 | #define TIM2                (( *) TIM2_BASE)
      |                                 ^
../Src/tim.c:40:9: note: in expansion of macro 'TIM2'
   40 |         TIM2->ARR = 10000 - 1;  // 10 000 / 10 000 = 1Mhz
      |         ^~~~
/home/kaan/cubeideworkspace/chip_headers/CMSIS/Device/ST/STM32F0xx/Include/stm32f091xc.h:691:33: error: expected expression before ')' token
  691 | #define TIM2                (( *) TIM2_BASE)
      |                                 ^
../Src/tim.c:42:9: note: in expansion of macro 'TIM2'
   42 |         TIM2->CNT = 0;
      |         ^~~~
/home/kaan/cubeideworkspace/chip_headers/CMSIS/Device/ST/STM32F0xx/Include/stm32f091xc.h:691:33: error: expected expression before ')' token
  691 | #define TIM2                (( *) TIM2_BASE)
      |                                 ^
../Src/tim.c:45:9: note: in expansion of macro 'TIM2'
   45 |         TIM2->CR1 = CR1_EN;
      |         ^~~~
../Src/tim.c: In function 'tim2_pa5_output_compare':
/home/kaan/cubeideworkspace/chip_headers/CMSIS/Device/ST/STM32F0xx/Include/stm32f091xc.h:691:33: error: expected expression before ')' token
  691 | #define TIM2                (( *) TIM2_BASE)
      |                                 ^
../Src/tim.c:70:9: note: in expansion of macro 'TIM2'
   70 |         TIM2->PSC = 800 - 1;  // ---------------> 800 0000 / 800 = 10 000
      |         ^~~~
/home/kaan/cubeideworkspace/chip_headers/CMSIS/Device/ST/STM32F0xx/Include/stm32f091xc.h:691:33: error: expected expression before ')' token
[...]
arm-none-eabi-gcc "../Drivers/STM32F0xx_HAL_Driver/Src/stm32f0xx_hal_tim.c" -mcpu=cortex-m0 -std=gnu11 -g3 -DSTM32F091xC -DUSE_HAL_DRIVER -DDEBUG -c -I../Inc -I../Drivers/STM32F0xx_HAL_Driver/Inc -I../Drivers/CMSIS/Include -I../Drivers/STM32F0xx_HAL_Driver/Inc/Legacy -I../Drivers/CMSIS/Device/ST/STM32F0xx/Include -O0 -ffunction-sections -fdata-sections -Wall -fstack-usage -fcyclomatic-complexity -MMD -MP -MF"Drivers/STM32F0xx_HAL_Driver/Src/stm32f0xx_hal_tim.d" -MT"Drivers/STM32F0xx_HAL_Driver/Src/stm32f0xx_hal_tim.o" --specs=nano.specs -mfloat-abi=soft -mthumb -o "Drivers/STM32F0xx_HAL_Driver/Src/stm32f0xx_hal_tim.o"
arm-none-eabi-gcc "../Drivers/STM32F0xx_HAL_Driver/Src/stm32f0xx_hal_tim_ex.c" -mcpu=cortex-m0 -std=gnu11 -g3 -DSTM32F091xC -DUSE_HAL_DRIVER -DDEBUG -c -I../Inc -I../Drivers/STM32F0xx_HAL_Driver/Inc -I../Drivers/CMSIS/Include -I../Drivers/STM32F0xx_HAL_Driver/Inc/Legacy -I../Drivers/CMSIS/Device/ST/STM32F0xx/Include -O0 -ffunction-sections -fdata-sections -Wall -fstack-usage -fcyclomatic-complexity -MMD -MP -MF"Drivers/STM32F0xx_HAL_Driver/Src/stm32f0xx_hal_tim_ex.d" -MT"Drivers/STM32F0xx_HAL_Driver/Src/stm32f0xx_hal_tim_ex.o" --specs=nano.specs -mfloat-abi=soft -mthumb -o "Drivers/STM32F0xx_HAL_Driver/Src/stm32f0xx_hal_tim_ex.o"
../Src/sysmem.c:38:1: error: unknown type name 'caddr_t'
   38 | caddr_t _sbrk(int incr)
      | ^~~~~~~
../Src/sysmem.c: In function '_sbrk':
../Src/sysmem.c:51:25: error: 'caddr_t' undeclared (first use in this function)
   51 |                 return (caddr_t) -1;
      |                         ^~~~~~~
../Src/sysmem.c:51:25: note: each undeclared identifier is reported only once for each function it appears in
../Src/sysmem.c:56:25: error: expected ';' before 'prev_heap_end'
   56 |         return (caddr_t) prev_heap_end;
      |                         ^~~~~~~~~~~~~~
      |                         ;
../Src/sysmem.c:42:15: warning: variable 'prev_heap_end' set but not used [-Wunused-but-set-variable]
   42 |         char *prev_heap_end;
      |               ^~~~~~~~~~~~~
../Src/sysmem.c:57:1: warning: control reaches end of non-void function [-Wreturn-type]
   57 | }
      | ^
make: *** [Src/subdir.mk:34: Src/sysmem.o] Error 1
make: *** Waiting for unfinished jobs....
"make -j16 all" terminated with exit code 2. Build might be incomplete.
14:48:27 **** Incremental Build of configuration Debug for project adc_interrupt_externallines ****
make -j16 all 
arm-none-eabi-gcc "../Src/main.c" -mcpu=cortex-m0 -std=gnu11 -g3 -DSTM32F091xC -DUSE_HAL_DRIVER -DDEBUG -c -I../Inc -I../Drivers/STM32F0xx_HAL_Driver/Inc -I../Drivers/CMSIS/Include -I../Drivers/STM32F0xx_HAL_Driver/Inc/Legacy -I../Drivers/CMSIS/Device/ST/STM32F0xx/Include -O0 -ffunction-sections -fdata-sections -Wall -fstack-usage -fcyclomatic-complexity -MMD -MP -MF"Src/main.d" -MT"Src/main.o" --specs=nano.specs -mfloat-abi=soft -mthumb -o "Src/main.o"
arm-none-eabi-gcc "../Src/stm32f0xx_hal_msp.c" -mcpu=cortex-m0 -std=gnu11 -g3 -DSTM32F091xC -DUSE_HAL_DRIVER -DDEBUG -c -I../Inc -I../Drivers/STM32F0xx_HAL_Driver/Inc -I../Drivers/CMSIS/Include -I../Drivers/STM32F0xx_HAL_Driver/Inc/Legacy -I../Drivers/CMSIS/Device/ST/STM32F0xx/Include -O0 -ffunction-sections -fdata-sections -Wall -fstack-usage -fcyclomatic-complexity -MMD -MP -MF"Src/stm32f0xx_hal_msp.d" -MT"Src/stm32f0xx_hal_msp.o" --specs=nano.specs -mfloat-abi=soft -mthumb -o "Src/stm32f0xx_hal_msp.o"
arm-none-eabi-gcc "../Src/stm32f0xx_it.c" -mcpu=cortex-m0 -std=gnu11 -g3 -DSTM32F091xC -DUSE_HAL_DRIVER -DDEBUG -c -I../Inc -I../Drivers/STM32F0xx_HAL_Driver/Inc -I../Drivers/CMSIS/Include -I../Drivers/STM32F0xx_HAL_Driver/Inc/Legacy -I../Drivers/CMSIS/Device/ST/STM32F0xx/Include -O0 -ffunction-sections -fdata-sections -Wall -fstack-usage -fcyclomatic-complexity -MMD -MP -MF"Src/stm32f0xx_it.d" -MT"Src/stm32f0xx_it.o" --specs=nano.specs -mfloat-abi=soft -mthumb -o "Src/stm32f0xx_it.o"
arm-none-eabi-gcc "../Src/syscalls.c" -mcpu=cortex-m0 -std=gnu11 -g3 -DSTM32F091xC -DUSE_HAL_DRIVER -DDEBUG -c -I../Inc -I../Drivers/STM32F0xx_HAL_Driver/Inc -I../Drivers/CMSIS/Include -I../Drivers/STM32F0xx_HAL_Driver/Inc/Legacy -I../Drivers/CMSIS/Device/ST/STM32F0xx/Include -O0 -ffunction-sections -fdata-sections -Wall -fstack-usage -fcyclomatic-complexity -MMD -MP -MF"Src/syscalls.d" -MT"Src/syscalls.o" --specs=nano.specs -mfloat-abi=soft -mthumb -o "Src/syscalls.o"
arm-none-eabi-gcc "../Src/system_stm32f0xx.c" -mcpu=cortex-m0 -std=gnu11 -g3 -DSTM32F091xC -DUSE_HAL_DRIVER -DDEBUG -c -I../Inc -I../Drivers/STM32F0xx_HAL_Driver/Inc -I../Drivers/CMSIS/Include -I../Drivers/STM32F0xx_HAL_Driver/Inc/Legacy -I../Drivers/CMSIS/Device/ST/STM32F0xx/Include -O0 -ffunction-sections -fdata-sections -Wall -fstack-usage -fcyclomatic-complexity -MMD -MP -MF"Src/system_stm32f0xx.d" -MT"Src/system_stm32f0xx.o" --specs=nano.specs -mfloat-abi=soft -mthumb -o "Src/system_stm32f0xx.o"
../Src/main.c: In function 'main':
../Src/main.c:101:1: warning: implicit declaration of function 'printf' [-Wimplicit-function-declaration]
  101 | printf("sensor alue is %d\n\r", (int)sensor_val);
      | ^~~~~~
../Src/main.c:23:1: note: include '<stdio.h>' or provide a declaration of 'printf'
   22 | #include "main.h"
  +++ |+#include <stdio.h>
   23 | 
../Src/main.c:101:1: warning: incompatible implicit declaration of built-in function 'printf' [-Wbuiltin-declaration-mismatch]
  101 | printf("sensor alue is %d\n\r", (int)sensor_val);
      | ^~~~~~
../Src/main.c:101:1: note: include '<stdio.h>' or provide a declaration of 'printf'
arm-none-eabi-gcc -o "adc_interrupt_externallines.elf" @"objects.list"   -mcpu=cortex-m0 -T"/home/kaan/STM32ToolChain/cubemx-out/adc_interrupt_externallines/STM32F091RCTX_FLASH.ld" --specs=nosys.specs -Wl,-Map="adc_interrupt_externallines.map" -Wl,--gc-sections -static --specs=nano.specs -mfloat-abi=soft -mthumb -Wl,--start-group -lc -lm -Wl,--end-group
Finished building target: adc_interrupt_externallines.elf
 
arm-none-eabi-size   adc_interrupt_externallines.elf 
arm-none-eabi-objdump -h -S  adc_interrupt_externallines.elf  > "adc_interrupt_externallines.list"
   text	   data	    bss	    dec	    hex	filename
  11304	    112	   1976	  13392	   3450	adc_interrupt_externallines.elf
Finished building: default.size.stdout
 
Finished building: adc_interrupt_externallines.list
 
14:48:58 **** Incremental Build of configuration Debug for project adc_interrupt_externallines ****
make -j16 all 
arm-none-eabi-gcc "../Src/main.c" -mcpu=cortex-m0 -std=gnu11 -g3 -DSTM32F091xC -DUSE_HAL_DRIVER -DDEBUG -c -I../Inc -I../Drivers/STM32F0xx_HAL_Driver/Inc -I../Drivers/CMSIS/Include -I../Drivers/STM32F0xx_HAL_Driver/Inc/Legacy -I../Drivers/CMSIS/Device/ST/STM32F0xx/Include -O0 -ffunction-sections -fdata-sections -Wall -fstack-usage -fcyclomatic-complexity -MMD -MP -MF"Src/main.d" -MT"Src/main.o" --specs=nano.specs -mfloat-abi=soft -mthumb -o "Src/main.o"
arm-none-eabi-gcc -o "adc_interrupt_externallines.elf" @"objects.list"   -mcpu=cortex-m0 -T"/home/kaan/STM32ToolChain/cubemx-out/adc_interrupt_externallines/STM32F091RCTX_FLASH.ld" --specs=nosys.specs -Wl,-Map="adc_interrupt_externallines.map" -Wl,--gc-sections -static --specs=nano.specs -mfloat-abi=soft -mthumb -Wl,--start-group -lc -lm -Wl,--end-group
Finished building target: adc_interrupt_externallines.elf
 
arm-none-eabi-size   adc_interrupt_externallines.elf 
arm-none-eabi-objdump -h -S  adc_interrupt_externallines.elf  > "adc_interrupt_externallines.list"
   text	   data	    bss	    dec	    hex	filename
   7256	     20	   1636	   8912	   22d0	adc_interrupt_externallines.elf
Finished building: default.size.stdout
 
Finished building: adc_interrupt_externallines.list
 
14:49:02 **** Incremental Build of configuration Debug for project adc_interrupt_externallines ****
make -j16 all 
arm-none-eabi-size   adc_interrupt_externallines.elf 
   text	   data	    bss	    dec	    hex	filename
   7256	     20	   1636	   8912	   22d0	adc_interrupt_externallines.elf
Finished building: default.size.stdout
 
15:01:16 **** Build of configuration Debug for project 17_systick_interrupt ****
make -j16 all 
arm-none-eabi-gcc "../Src/adc.c" -mcpu=cortex-m0 -std=gnu11 -g3 -DDEBUG -DSTM32 -DSTM32F0 -DNUCLEO_F091RC -DSTM32F091RCTx -DSTM32F091xC -c -I../Inc -I/home/kaan/cubeideworkspace/chip_headers/CMSIS/Device/ST/STM32F0xx/Include -I/home/kaan/cubeideworkspace/chip_headers/CMSIS/Include -O0 -ffunction-sections -fdata-sections -Wall -fstack-usage -fcyclomatic-complexity -MMD -MP -MF"Src/adc.d" -MT"Src/adc.o" --specs=nano.specs -mfloat-abi=soft -mthumb -o "Src/adc.o"
arm-none-eabi-gcc "../Src/main.c" -mcpu=cortex-m0 -std=gnu11 -g3 -DDEBUG -DSTM32 -DSTM32F0 -DNUCLEO_F091RC -DSTM32F091RCTx -DSTM32F091xC -c -I../Inc -I/home/kaan/cubeideworkspace/chip_headers/CMSIS/Device/ST/STM32F0xx/Include -I/home/kaan/cubeideworkspace/chip_headers/CMSIS/Include -O0 -ffunction-sections -fdata-sections -Wall -fstack-usage -fcyclomatic-complexity -MMD -MP -MF"Src/main.d" -MT"Src/main.o" --specs=nano.specs -mfloat-abi=soft -mthumb -o "Src/main.o"
arm-none-eabi-gcc "../Src/systick.c" -mcpu=cortex-m0 -std=gnu11 -g3 -DDEBUG -DSTM32 -DSTM32F0 -DNUCLEO_F091RC -DSTM32F091RCTx -DSTM32F091xC -c -I../Inc -I/home/kaan/cubeideworkspace/chip_headers/CMSIS/Device/ST/STM32F0xx/Include -I/home/kaan/cubeideworkspace/chip_headers/CMSIS/Include -O0 -ffunction-sections -fdata-sections -Wall -fstack-usage -fcyclomatic-complexity -MMD -MP -MF"Src/systick.d" -MT"Src/systick.o" --specs=nano.specs -mfloat-abi=soft -mthumb -o "Src/systick.o"
arm-none-eabi-gcc "../Src/uart.c" -mcpu=cortex-m0 -std=gnu11 -g3 -DDEBUG -DSTM32 -DSTM32F0 -DNUCLEO_F091RC -DSTM32F091RCTx -DSTM32F091xC -c -I../Inc -I/home/kaan/cubeideworkspace/chip_headers/CMSIS/Device/ST/STM32F0xx/Include -I/home/kaan/cubeideworkspace/chip_headers/CMSIS/Include -O0 -ffunction-sections -fdata-sections -Wall -fstack-usage -fcyclomatic-complexity -MMD -MP -MF"Src/uart.d" -MT"Src/uart.o" --specs=nano.specs -mfloat-abi=soft -mthumb -o "Src/uart.o"
In file included from ../Src/main.c:3:
../Inc/uart.h:17:13: warning: 'uart_set_baudrate' declared 'static' but never defined [-Wunused-function]
   17 | static void uart_set_baudrate(USART_TypeDef *USARTx, uint32_t PeriphClk, uint32_t BaudRate);
      |             ^~~~~~~~~~~~~~~~~
../Inc/uart.h:19:17: warning: 'compute_uart_bd' declared 'static' but never defined [-Wunused-function]
   19 | static uint16_t compute_uart_bd(uint32_t PeriphClk, uint32_t BaudRate);
      |                 ^~~~~~~~~~~~~~~
arm-none-eabi-gcc -o "17_systick_interrupt.elf" @"objects.list"   -mcpu=cortex-m0 -T"/home/kaan/cubeideworkspace/17_systick_interrupt/STM32F091RCTX_FLASH.ld" --specs=nosys.specs -Wl,-Map="17_systick_interrupt.map" -Wl,--gc-sections -static --specs=nano.specs -mfloat-abi=soft -mthumb -Wl,--start-group -lc -lm -Wl,--end-group
Finished building target: 17_systick_interrupt.elf
 
arm-none-eabi-size   17_systick_interrupt.elf 
arm-none-eabi-objdump -h -S  17_systick_interrupt.elf  > "17_systick_interrupt.list"
   text	   data	    bss	    dec	    hex	filename
   5372	    100	   1900	   7372	   1ccc	17_systick_interrupt.elf
Finished building: default.size.stdout
 
Finished building: 17_systick_interrupt.list
 
15:01:26 **** Incremental Build of configuration Debug for project 17_systick_interrupt ****
make -j16 all 
arm-none-eabi-size   17_systick_interrupt.elf 
   text	   data	    bss	    dec	    hex	filename
   5372	    100	   1900	   7372	   1ccc	17_systick_interrupt.elf
Finished building: default.size.stdout
 
16:37:55 **** Build of configuration Debug for project 19_timer_interrupt ****
make -j16 all 
arm-none-eabi-gcc "../Src/adc.c" -mcpu=cortex-m0 -std=gnu11 -g3 -DDEBUG -DSTM32 -DSTM32F0 -DNUCLEO_F091RC -DSTM32F091RCTx -DSTM32F091xC -c -I../Inc -I/home/kaan/cubeideworkspace/chip_headers/CMSIS/Device/ST/STM32F0xx/Include -I/home/kaan/cubeideworkspace/chip_headers/CMSIS/Include -O0 -ffunction-sections -fdata-sections -Wall -fstack-usage -fcyclomatic-complexity -MMD -MP -MF"Src/adc.d" -MT"Src/adc.o" --specs=nano.specs -mfloat-abi=soft -mthumb -o "Src/adc.o"
arm-none-eabi-gcc "../Src/main.c" -mcpu=cortex-m0 -std=gnu11 -g3 -DDEBUG -DSTM32 -DSTM32F0 -DNUCLEO_F091RC -DSTM32F091RCTx -DSTM32F091xC -c -I../Inc -I/home/kaan/cubeideworkspace/chip_headers/CMSIS/Device/ST/STM32F0xx/Include -I/home/kaan/cubeideworkspace/chip_headers/CMSIS/Include -O0 -ffunction-sections -fdata-sections -Wall -fstack-usage -fcyclomatic-complexity -MMD -MP -MF"Src/main.d" -MT"Src/main.o" --specs=nano.specs -mfloat-abi=soft -mthumb -o "Src/main.o"
arm-none-eabi-gcc "../Src/systick.c" -mcpu=cortex-m0 -std=gnu11 -g3 -DDEBUG -DSTM32 -DSTM32F0 -DNUCLEO_F091RC -DSTM32F091RCTx -DSTM32F091xC -c -I../Inc -I/home/kaan/cubeideworkspace/chip_headers/CMSIS/Device/ST/STM32F0xx/Include -I/home/kaan/cubeideworkspace/chip_headers/CMSIS/Include -O0 -ffunction-sections -fdata-sections -Wall -fstack-usage -fcyclomatic-complexity -MMD -MP -MF"Src/systick.d" -MT"Src/systick.o" --specs=nano.specs -mfloat-abi=soft -mthumb -o "Src/systick.o"
arm-none-eabi-gcc "../Src/tim.c" -mcpu=cortex-m0 -std=gnu11 -g3 -DDEBUG -DSTM32 -DSTM32F0 -DNUCLEO_F091RC -DSTM32F091RCTx -DSTM32F091xC -c -I../Inc -I/home/kaan/cubeideworkspace/chip_headers/CMSIS/Device/ST/STM32F0xx/Include -I/home/kaan/cubeideworkspace/chip_headers/CMSIS/Include -O0 -ffunction-sections -fdata-sections -Wall -fstack-usage -fcyclomatic-complexity -MMD -MP -MF"Src/tim.d" -MT"Src/tim.o" --specs=nano.specs -mfloat-abi=soft -mthumb -o "Src/tim.o"
arm-none-eabi-gcc "../Src/uart.c" -mcpu=cortex-m0 -std=gnu11 -g3 -DDEBUG -DSTM32 -DSTM32F0 -DNUCLEO_F091RC -DSTM32F091RCTx -DSTM32F091xC -c -I../Inc -I/home/kaan/cubeideworkspace/chip_headers/CMSIS/Device/ST/STM32F0xx/Include -I/home/kaan/cubeideworkspace/chip_headers/CMSIS/Include -O0 -ffunction-sections -fdata-sections -Wall -fstack-usage -fcyclomatic-complexity -MMD -MP -MF"Src/uart.d" -MT"Src/uart.o" --specs=nano.specs -mfloat-abi=soft -mthumb -o "Src/uart.o"
../Src/systick.c: In function 'systickDelayMs':
../Src/systick.c:39:38: warning: suggest parentheses around comparison in operand of '&' [-Wparentheses]
   39 |                 while((SysTick->CTRL & CTRL_COUNTFLAG == 0)){}
      |                                      ^
../Src/main.c: In function 'tim2_callback':
../Src/main.c:48:23: error: 'LED' undeclared (first use in this function)
   48 |         GPIOA->ODR ^= LED;
      |                       ^~~
../Src/main.c:48:23: note: each undeclared identifier is reported only once for each function it appears in
In file included from ../Src/main.c:3:
../Src/main.c: At top level:
../Inc/uart.h:17:13: warning: 'uart_set_baudrate' declared 'static' but never defined [-Wunused-function]
   17 | static void uart_set_baudrate(USART_TypeDef *USARTx, uint32_t PeriphClk, uint32_t BaudRate);
      |             ^~~~~~~~~~~~~~~~~
../Inc/uart.h:19:17: warning: 'compute_uart_bd' declared 'static' but never defined [-Wunused-function]
   19 | static uint16_t compute_uart_bd(uint32_t PeriphClk, uint32_t BaudRate);
      |                 ^~~~~~~~~~~~~~~
make: *** [Src/subdir.mk:37: Src/main.o] Error 1
make: *** Waiting for unfinished jobs....
"make -j16 all" terminated with exit code 2. Build might be incomplete.
16:38:13 **** Incremental Build of configuration Debug for project 19_timer_interrupt ****
make -j16 all 
arm-none-eabi-gcc "../Src/main.c" -mcpu=cortex-m0 -std=gnu11 -g3 -DDEBUG -DSTM32 -DSTM32F0 -DNUCLEO_F091RC -DSTM32F091RCTx -DSTM32F091xC -c -I../Inc -I/home/kaan/cubeideworkspace/chip_headers/CMSIS/Device/ST/STM32F0xx/Include -I/home/kaan/cubeideworkspace/chip_headers/CMSIS/Include -O0 -ffunction-sections -fdata-sections -Wall -fstack-usage -fcyclomatic-complexity -MMD -MP -MF"Src/main.d" -MT"Src/main.o" --specs=nano.specs -mfloat-abi=soft -mthumb -o "Src/main.o"
In file included from ../Src/main.c:3:
../Inc/uart.h:17:13: warning: 'uart_set_baudrate' declared 'static' but never defined [-Wunused-function]
   17 | static void uart_set_baudrate(USART_TypeDef *USARTx, uint32_t PeriphClk, uint32_t BaudRate);
      |             ^~~~~~~~~~~~~~~~~
../Inc/uart.h:19:17: warning: 'compute_uart_bd' declared 'static' but never defined [-Wunused-function]
   19 | static uint16_t compute_uart_bd(uint32_t PeriphClk, uint32_t BaudRate);
      |                 ^~~~~~~~~~~~~~~
arm-none-eabi-gcc -o "19_timer_interrupt.elf" @"objects.list"   -mcpu=cortex-m0 -T"/home/kaan/cubeideworkspace/19_timer_interrupt/STM32F091RCTX_FLASH.ld" --specs=nosys.specs -Wl,-Map="19_timer_interrupt.map" -Wl,--gc-sections -static --specs=nano.specs -mfloat-abi=soft -mthumb -Wl,--start-group -lc -lm -Wl,--end-group
Finished building target: 19_timer_interrupt.elf
 
arm-none-eabi-size   19_timer_interrupt.elf 
arm-none-eabi-objdump -h -S  19_timer_interrupt.elf  > "19_timer_interrupt.list"
   text	   data	    bss	    dec	    hex	filename
   5412	    100	   1900	   7412	   1cf4	19_timer_interrupt.elf
Finished building: default.size.stdout
 
Finished building: 19_timer_interrupt.list
 
16:38:29 **** Incremental Build of configuration Debug for project 19_timer_interrupt ****
make -j16 all 
arm-none-eabi-size   19_timer_interrupt.elf 
   text	   data	    bss	    dec	    hex	filename
   5412	    100	   1900	   7412	   1cf4	19_timer_interrupt.elf
Finished building: default.size.stdout
 
16:39:12 **** Incremental Build of configuration Debug for project 19_timer_interrupt ****
make -j16 all 
arm-none-eabi-gcc "../Src/main.c" -mcpu=cortex-m0 -std=gnu11 -g3 -DDEBUG -DSTM32 -DSTM32F0 -DNUCLEO_F091RC -DSTM32F091RCTx -DSTM32F091xC -c -I../Inc -I/home/kaan/cubeideworkspace/chip_headers/CMSIS/Device/ST/STM32F0xx/Include -I/home/kaan/cubeideworkspace/chip_headers/CMSIS/Include -O0 -ffunction-sections -fdata-sections -Wall -fstack-usage -fcyclomatic-complexity -MMD -MP -MF"Src/main.d" -MT"Src/main.o" --specs=nano.specs -mfloat-abi=soft -mthumb -o "Src/main.o"
In file included from ../Src/main.c:3:
../Inc/uart.h:17:13: warning: 'uart_set_baudrate' declared 'static' but never defined [-Wunused-function]
   17 | static void uart_set_baudrate(USART_TypeDef *USARTx, uint32_t PeriphClk, uint32_t BaudRate);
      |             ^~~~~~~~~~~~~~~~~
../Inc/uart.h:19:17: warning: 'compute_uart_bd' declared 'static' but never defined [-Wunused-function]
   19 | static uint16_t compute_uart_bd(uint32_t PeriphClk, uint32_t BaudRate);
      |                 ^~~~~~~~~~~~~~~
arm-none-eabi-gcc -o "19_timer_interrupt.elf" @"objects.list"   -mcpu=cortex-m0 -T"/home/kaan/cubeideworkspace/19_timer_interrupt/STM32F091RCTX_FLASH.ld" --specs=nosys.specs -Wl,-Map="19_timer_interrupt.map" -Wl,--gc-sections -static --specs=nano.specs -mfloat-abi=soft -mthumb -Wl,--start-group -lc -lm -Wl,--end-group
Finished building target: 19_timer_interrupt.elf
 
arm-none-eabi-size   19_timer_interrupt.elf 
arm-none-eabi-objdump -h -S  19_timer_interrupt.elf  > "19_timer_interrupt.list"
   text	   data	    bss	    dec	    hex	filename
   5484	    100	   1900	   7484	   1d3c	19_timer_interrupt.elf
Finished building: default.size.stdout
 
Finished building: 19_timer_interrupt.list
 
16:39:15 **** Incremental Build of configuration Debug for project 19_timer_interrupt ****
make -j16 all 
arm-none-eabi-size   19_timer_interrupt.elf 
   text	   data	    bss	    dec	    hex	filename
   5484	    100	   1900	   7484	   1d3c	19_timer_interrupt.elf
Finished building: default.size.stdout
 
